Component: ARM Compiler 5.06 update 6 (build 750) Tool: armlink [4d35ed]

==============================================================================

Section Cross References

    startup_stm32f103xb.o(RESET) refers to startup_stm32f103xb.o(STACK) for __initial_sp
    startup_stm32f103xb.o(RESET) refers to startup_stm32f103xb.o(.text) for Reset_Handler
    startup_stm32f103xb.o(RESET) refers to stm32f1xx_it.o(i.NMI_Handler) for NMI_Handler
    startup_stm32f103xb.o(RESET) refers to stm32f1xx_it.o(i.HardFault_Handler) for HardFault_Handler
    startup_stm32f103xb.o(RESET) refers to stm32f1xx_it.o(i.MemManage_Handler) for MemManage_Handler
    startup_stm32f103xb.o(RESET) refers to stm32f1xx_it.o(i.BusFault_Handler) for BusFault_Handler
    startup_stm32f103xb.o(RESET) refers to stm32f1xx_it.o(i.UsageFault_Handler) for UsageFault_Handler
    startup_stm32f103xb.o(RESET) refers to port.o(.emb_text) for SVC_Handler
    startup_stm32f103xb.o(RESET) refers to stm32f1xx_it.o(i.DebugMon_Handler) for DebugMon_Handler
    startup_stm32f103xb.o(RESET) refers to port.o(i.SysTick_Handler) for SysTick_Handler
    startup_stm32f103xb.o(RESET) refers to stm32f1xx_it.o(i.TIM1_UP_IRQHandler) for TIM1_UP_IRQHandler
    startup_stm32f103xb.o(RESET) refers to stm32f1xx_it.o(i.TIM2_IRQHandler) for TIM2_IRQHandler
    startup_stm32f103xb.o(RESET) refers to stm32f1xx_it.o(i.TIM3_IRQHandler) for TIM3_IRQHandler
    startup_stm32f103xb.o(.text) refers to system_stm32f1xx.o(i.SystemInit) for SystemInit
    startup_stm32f103xb.o(.text) refers to entry.o(.ARM.Collect$$$$00000000) for __main
    main.o(i.EEPROM24XX_IsConnected) refers to stm32f1xx_hal_i2c.o(i.HAL_I2C_IsDeviceReady) for HAL_I2C_IsDeviceReady
    main.o(i.EEPROM24XX_IsConnected) refers to main.o(.bss) for .bss
    main.o(i.EEPROM24XX_Load) refers to stm32f1xx_hal_i2c.o(i.HAL_I2C_Mem_Read) for HAL_I2C_Mem_Read
    main.o(i.EEPROM24XX_Load) refers to main.o(.bss) for .bss
    main.o(i.EEPROM24XX_Save) refers to stm32f1xx_hal_i2c.o(i.HAL_I2C_Mem_Write) for HAL_I2C_Mem_Write
    main.o(i.EEPROM24XX_Save) refers to stm32f1xx_hal.o(i.HAL_Delay) for HAL_Delay
    main.o(i.EEPROM24XX_Save) refers to main.o(.bss) for .bss
    main.o(i.HAL_I2C1_MspInit) refers to stm32f1xx_hal_gpio.o(i.HAL_GPIO_Init) for HAL_GPIO_Init
    main.o(i.HAL_TIM_PeriodElapsedCallback) refers to main.o(i.ScreenUpdate) for ScreenUpdate
    main.o(i.HAL_TIM_PeriodElapsedCallback) refers to stm32f1xx_hal.o(i.HAL_IncTick) for HAL_IncTick
    main.o(i.HAL_TIM_PeriodElapsedCallback) refers to main.o(.data) for .data
    main.o(i.MX_GPIO_Init) refers to stm32f1xx_hal_gpio.o(i.HAL_GPIO_Init) for HAL_GPIO_Init
    main.o(i.MX_TIM2_Init) refers to stm32f1xx_hal_tim.o(i.HAL_TIM_Base_Init) for HAL_TIM_Base_Init
    main.o(i.MX_TIM2_Init) refers to stm32f1xx_hal_tim.o(i.HAL_TIM_ConfigClockSource) for HAL_TIM_ConfigClockSource
    main.o(i.MX_TIM2_Init) refers to stm32f1xx_hal_tim_ex.o(i.HAL_TIMEx_MasterConfigSynchronization) for HAL_TIMEx_MasterConfigSynchronization
    main.o(i.MX_TIM2_Init) refers to main.o(.bss) for .bss
    main.o(i.MX_TIM3_Init) refers to stm32f1xx_hal_tim.o(i.HAL_TIM_Base_Init) for HAL_TIM_Base_Init
    main.o(i.MX_TIM3_Init) refers to stm32f1xx_hal_tim.o(i.HAL_TIM_ConfigClockSource) for HAL_TIM_ConfigClockSource
    main.o(i.MX_TIM3_Init) refers to stm32f1xx_hal_tim_ex.o(i.HAL_TIMEx_MasterConfigSynchronization) for HAL_TIMEx_MasterConfigSynchronization
    main.o(i.MX_TIM3_Init) refers to main.o(.bss) for .bss
    main.o(i.PrintNumber) refers to main.o(.data) for .data
    main.o(i.ScreenUpdate) refers to main.o(.data) for .data
    main.o(i.ScreenUpdate) refers to main.o(.constdata) for .constdata
    main.o(i.SystemClock_Config) refers to memseta.o(.text) for __aeabi_memclr4
    main.o(i.SystemClock_Config) refers to stm32f1xx_hal_rcc.o(i.HAL_RCC_OscConfig) for HAL_RCC_OscConfig
    main.o(i.SystemClock_Config) refers to stm32f1xx_hal_rcc.o(i.HAL_RCC_ClockConfig) for HAL_RCC_ClockConfig
    main.o(i.TM_KEYPAD_INT_CheckRow) refers to stm32f1xx_hal_gpio.o(i.HAL_GPIO_ReadPin) for HAL_GPIO_ReadPin
    main.o(i.TM_KEYPAD_INT_CheckRow) refers to main.o(.data) for .data
    main.o(i.TM_KEYPAD_INT_Read) refers to main.o(i.TM_KEYPAD_INT_SetColumn) for TM_KEYPAD_INT_SetColumn
    main.o(i.TM_KEYPAD_INT_Read) refers to main.o(i.TM_KEYPAD_INT_CheckRow) for TM_KEYPAD_INT_CheckRow
    main.o(i.TM_KEYPAD_INT_SetColumn) refers to stm32f1xx_hal_gpio.o(i.HAL_GPIO_WritePin) for HAL_GPIO_WritePin
    main.o(i.TM_KEYPAD_Update) refers to main.o(i.TM_KEYPAD_INT_Read) for TM_KEYPAD_INT_Read
    main.o(i.TM_KEYPAD_Update) refers to main.o(.data) for .data
    main.o(i.fputc) refers to stm32f1xx_hal_uart.o(i.HAL_UART_Transmit) for HAL_UART_Transmit
    main.o(i.fputc) refers to main.o(.bss) for .bss
    main.o(i.main) refers to stm32f1xx_hal.o(i.HAL_Init) for HAL_Init
    main.o(i.main) refers to main.o(i.SystemClock_Config) for SystemClock_Config
[...]
    Removing stm32f1xx_hal_pwr.o(i.HAL_PWR_EnterSTANDBYMode), (32 bytes).
    Removing stm32f1xx_hal_pwr.o(i.HAL_PWR_EnterSTOPMode), (68 bytes).
    Removing stm32f1xx_hal_pwr.o(i.HAL_PWR_PVDCallback), (2 bytes).
    Removing stm32f1xx_hal_pwr.o(i.HAL_PWR_PVD_IRQHandler), (28 bytes).
    Removing stm32f1xx_hal_pwr.o(i.PWR_OverloadWfe), (6 bytes).
    Removing stm32f1xx_hal_flash.o(.rev16_text), (4 bytes).
    Removing stm32f1xx_hal_flash.o(.revsh_text), (4 bytes).
    Removing stm32f1xx_hal_flash.o(.rrx_text), (6 bytes).
    Removing stm32f1xx_hal_flash.o(i.FLASH_Program_HalfWord), (28 bytes).
    Removing stm32f1xx_hal_flash.o(i.FLASH_SetErrorCode), (92 bytes).
    Removing stm32f1xx_hal_flash.o(i.FLASH_WaitForLastOperation), (84 bytes).
    Removing stm32f1xx_hal_flash.o(i.HAL_FLASH_EndOfOperationCallback), (2 bytes).
    Removing stm32f1xx_hal_flash.o(i.HAL_FLASH_GetError), (12 bytes).
    Removing stm32f1xx_hal_flash.o(i.HAL_FLASH_IRQHandler), (264 bytes).
    Removing stm32f1xx_hal_flash.o(i.HAL_FLASH_Lock), (20 bytes).
    Removing stm32f1xx_hal_flash.o(i.HAL_FLASH_OB_Launch), (4 bytes).
    Removing stm32f1xx_hal_flash.o(i.HAL_FLASH_OB_Lock), (20 bytes).
    Removing stm32f1xx_hal_flash.o(i.HAL_FLASH_OB_Unlock), (36 bytes).
    Removing stm32f1xx_hal_flash.o(i.HAL_FLASH_OperationErrorCallback), (2 bytes).
    Removing stm32f1xx_hal_flash.o(i.HAL_FLASH_Program), (128 bytes).
    Removing stm32f1xx_hal_flash.o(i.HAL_FLASH_Program_IT), (100 bytes).
    Removing stm32f1xx_hal_flash.o(i.HAL_FLASH_Unlock), (40 bytes).
    Removing stm32f1xx_hal_flash.o(.bss), (32 bytes).
    Removing stm32f1xx_hal_flash_ex.o(.rev16_text), (4 bytes).
    Removing stm32f1xx_hal_flash_ex.o(.revsh_text), (4 bytes).
    Removing stm32f1xx_hal_flash_ex.o(.rrx_text), (6 bytes).
    Removing stm32f1xx_hal_flash_ex.o(i.FLASH_MassErase), (36 bytes).
    Removing stm32f1xx_hal_flash_ex.o(i.FLASH_OB_DisableWRP), (176 bytes).
    Removing stm32f1xx_hal_flash_ex.o(i.FLASH_OB_EnableWRP), (176 bytes).
    Removing stm32f1xx_hal_flash_ex.o(i.FLASH_OB_GetRDP), (24 bytes).
    Removing stm32f1xx_hal_flash_ex.o(i.FLASH_OB_RDP_LevelConfig), (100 bytes).
    Removing stm32f1xx_hal_flash_ex.o(i.FLASH_PageErase), (36 bytes).
    Removing stm32f1xx_hal_flash_ex.o(i.HAL_FLASHEx_Erase), (168 bytes).
    Removing stm32f1xx_hal_flash_ex.o(i.HAL_FLASHEx_Erase_IT), (84 bytes).
    Removing stm32f1xx_hal_flash_ex.o(i.HAL_FLASHEx_OBErase), (84 bytes).
    Removing stm32f1xx_hal_flash_ex.o(i.HAL_FLASHEx_OBGetConfig), (36 bytes).
    Removing stm32f1xx_hal_flash_ex.o(i.HAL_FLASHEx_OBGetUserData), (32 bytes).
    Removing stm32f1xx_hal_flash_ex.o(i.HAL_FLASHEx_OBProgram), (200 bytes).
    Removing stm32f1xx_hal_i2c.o(.rev16_text), (4 bytes).
    Removing stm32f1xx_hal_i2c.o(.revsh_text), (4 bytes).
    Removing stm32f1xx_hal_i2c.o(.rrx_text), (6 bytes).
    Removing stm32f1xx_hal_i2c.o(i.HAL_I2C_AbortCpltCallback), (2 bytes).
    Removing stm32f1xx_hal_i2c.o(i.HAL_I2C_AddrCallback), (2 bytes).
    Removing stm32f1xx_hal_i2c.o(i.HAL_I2C_DeInit), (50 bytes).
    Removing stm32f1xx_hal_i2c.o(i.HAL_I2C_DisableListen_IT), (68 bytes).
    Removing stm32f1xx_hal_i2c.o(i.HAL_I2C_ER_IRQHandler), (208 bytes).
    Removing stm32f1xx_hal_i2c.o(i.HAL_I2C_EV_IRQHandler), (496 bytes).
    Removing stm32f1xx_hal_i2c.o(i.HAL_I2C_EnableListen_IT), (58 bytes).
    Removing stm32f1xx_hal_i2c.o(i.HAL_I2C_ErrorCallback), (2 bytes).
    Removing stm32f1xx_hal_i2c.o(i.HAL_I2C_GetError), (4 bytes).
    Removing stm32f1xx_hal_i2c.o(i.HAL_I2C_GetMode), (6 bytes).
    Removing stm32f1xx_hal_i2c.o(i.HAL_I2C_GetState), (6 bytes).
    Removing stm32f1xx_hal_i2c.o(i.HAL_I2C_ListenCpltCallback), (2 bytes).
    Removing stm32f1xx_hal_i2c.o(i.HAL_I2C_MasterRxCpltCallback), (2 bytes).
    Removing stm32f1xx_hal_i2c.o(i.HAL_I2C_MasterTxCpltCallback), (2 bytes).
    Removing stm32f1xx_hal_i2c.o(i.HAL_I2C_Master_Abort_IT), (86 bytes).
    Removing stm32f1xx_hal_i2c.o(i.HAL_I2C_Master_Receive), (528 bytes).
    Removing stm32f1xx_hal_i2c.o(i.HAL_I2C_Master_Receive_DMA), (284 bytes).
    Removing stm32f1xx_hal_i2c.o(i.HAL_I2C_Master_Receive_IT), (188 bytes).
    Removing stm32f1xx_hal_i2c.o(i.HAL_I2C_Master_Sequential_Receive_IT), (204 bytes).
    Removing stm32f1xx_hal_i2c.o(i.HAL_I2C_Master_Sequential_Transmit_IT), (192 bytes).
    Removing stm32f1xx_hal_i2c.o(i.HAL_I2C_Master_Transmit), (312 bytes).
    Removing stm32f1xx_hal_i2c.o(i.HAL_I2C_Master_Transmit_DMA), (284 bytes).
    Removing stm32f1xx_hal_i2c.o(i.HAL_I2C_Master_Transmit_IT), (180 bytes).
    Removing stm32f1xx_hal_i2c.o(i.HAL_I2C_MemRxCpltCallback), (2 bytes).
    Removing stm32f1xx_hal_i2c.o(i.HAL_I2C_MemTxCpltCallback), (2 bytes).
    Removing stm32f1xx_hal_i2c.o(i.HAL_I2C_Mem_Read_DMA), (364 bytes).
    Removing stm32f1xx_hal_i2c.o(i.HAL_I2C_Mem_Read_IT), (216 bytes).
    Removing stm32f1xx_hal_i2c.o(i.HAL_I2C_Mem_Write_DMA), (284 bytes).
    Removing stm32f1xx_hal_i2c.o(i.HAL_I2C_Mem_Write_IT), (204 bytes).
    Removing stm32f1xx_hal_i2c.o(i.HAL_I2C_MspDeInit), (2 bytes).
    Removing stm32f1xx_hal_i2c.o(i.HAL_I2C_MspInit), (2 bytes).
    Removing stm32f1xx_hal_i2c.o(i.HAL_I2C_SlaveRxCpltCallback), (2 bytes).
    Removing stm32f1xx_hal_i2c.o(i.HAL_I2C_SlaveTxCpltCallback), (2 bytes).
    Removing stm32f1xx_hal_i2c.o(i.HAL_I2C_Slave_Receive), (384 bytes).
    Removing stm32f1xx_hal_i2c.o(i.HAL_I2C_Slave_Receive_DMA), (236 bytes).
    Removing stm32f1xx_hal_i2c.o(i.HAL_I2C_Slave_Receive_IT), (180 bytes).
    Removing stm32f1xx_hal_i2c.o(i.HAL_I2C_Slave_Sequential_Receive_IT), (114 bytes).
    Removing stm32f1xx_hal_i2c.o(i.HAL_I2C_Slave_Sequential_Transmit_IT), (114 bytes).
    Removing stm32f1xx_hal_i2c.o(i.HAL_I2C_Slave_Transmit), (356 bytes).
    Removing stm32f1xx_hal_i2c.o(i.HAL_I2C_Slave_Transmit_DMA), (236 bytes).
    Removing stm32f1xx_hal_i2c.o(i.HAL_I2C_Slave_Transmit_IT), (184 bytes).
    Removing stm32f1xx_hal_i2c.o(i.I2C_DMAAbort), (78 bytes).
    Removing stm32f1xx_hal_i2c.o(i.I2C_DMAError), (42 bytes).
    Removing stm32f1xx_hal_i2c.o(i.I2C_DMAXferCplt), (134 bytes).
    Removing stm32f1xx_hal_i2c.o(i.I2C_ITError), (292 bytes).
    Removing stm32f1xx_hal_i2c.o(i.I2C_MasterReceive_BTF), (200 bytes).
    Removing stm32f1xx_hal_i2c.o(i.I2C_MasterReceive_RXNE), (174 bytes).
    Removing stm32f1xx_hal_i2c.o(i.I2C_MasterRequestRead), (222 bytes).
    Removing stm32f1xx_hal_i2c.o(i.I2C_MasterRequestWrite), (148 bytes).
    Removing stm32f1xx_hal_i2c.o(i.I2C_MasterTransmit_BTF), (128 bytes).
    Removing stm32f1xx_hal_i2c.o(i.I2C_MasterTransmit_TXE), (264 bytes).
    Removing stm32f1xx_hal_i2c.o(i.I2C_Master_ADDR), (282 bytes).
    Removing stm32f1xx_hal_i2c.o(i.I2C_Master_SB), (90 bytes).
    Removing stm32f1xx_hal_i2c.o(i.I2C_Slave_AF), (132 bytes).
    Removing stm32f1xx_hal_i2c.o(i.I2C_Slave_STOPF), (220 bytes).
    Removing system_stm32f1xx.o(.rev16_text), (4 bytes).
    Removing system_stm32f1xx.o(.revsh_text), (4 bytes).
    Removing system_stm32f1xx.o(.rrx_text), (6 bytes).
    Removing system_stm32f1xx.o(i.SystemCoreClockUpdate), (104 bytes).
    Removing event_groups.o(i.prvTestWaitCondition), (20 bytes).
    Removing event_groups.o(i.vEventGroupClearBitsCallback), (4 bytes).
    Removing event_groups.o(i.vEventGroupDelete), (70 bytes).
    Removing event_groups.o(i.vEventGroupSetBitsCallback), (4 bytes).
    Removing event_groups.o(i.xEventGroupClearBits), (64 bytes).
    Removing event_groups.o(i.xEventGroupCreate), (26 bytes).
    Removing event_groups.o(i.xEventGroupGetBitsFromISR), (26 bytes).
    Removing event_groups.o(i.xEventGroupSetBits), (140 bytes).
    Removing event_groups.o(i.xEventGroupSync), (204 bytes).
    Removing event_groups.o(i.xEventGroupWaitBits), (264 bytes).
    Removing queue.o(i.pcQueueGetName), (40 bytes).
    Removing queue.o(i.prvCopyDataFromQueue), (38 bytes).
    Removing queue.o(i.prvCopyDataToQueue), (108 bytes).
    Removing queue.o(i.prvIsQueueEmpty), (28 bytes).
    Removing queue.o(i.prvUnlockQueue), (106 bytes).
    Removing queue.o(i.uxQueueMessagesWaiting), (36 bytes).
    Removing queue.o(i.uxQueueMessagesWaitingFromISR), (22 bytes).
    Removing queue.o(i.uxQueueSpacesAvailable), (40 bytes).
    Removing queue.o(i.vQueueAddToRegistry), (40 bytes).
    Removing queue.o(i.vQueueDelete), (36 bytes).
    Removing queue.o(i.vQueueUnregisterQueue), (40 bytes).
    Removing queue.o(i.xQueueCreateMutex), (36 bytes).
    Removing queue.o(i.xQueueGenericCreate), (72 bytes).
    Removing queue.o(i.xQueueGenericReceive), (364 bytes).
    Removing queue.o(i.xQueueGenericReset), (136 bytes).
    Removing queue.o(i.xQueueGenericSend), (352 bytes).
    Removing queue.o(i.xQueueGenericSendFromISR), (188 bytes).
    Removing queue.o(i.xQueueGiveFromISR), (156 bytes).
    Removing queue.o(i.xQueueIsQueueEmptyFromISR), (30 bytes).
    Removing queue.o(i.xQueueIsQueueFullFromISR), (34 bytes).
    Removing queue.o(i.xQueuePeekFromISR), (116 bytes).
    Removing queue.o(i.xQueueReceiveFromISR), (154 bytes).
    Removing queue.o(.bss), (64 bytes).
    Removing tasks.o(i.pcTaskGetName), (32 bytes).
    Removing tasks.o(i.prvTaskIsTaskSuspended), (52 bytes).
    Removing tasks.o(i.pvTaskIncrementMutexHeldCount), (24 bytes).
    Removing tasks.o(i.ulTaskNotifyTake), (104 bytes).
    Removing tasks.o(i.uxTaskGetNumberOfTasks), (12 bytes).
    Removing tasks.o(i.uxTaskPriorityGet), (28 bytes).
    Removing tasks.o(i.uxTaskPriorityGetFromISR), (44 bytes).
    Removing tasks.o(i.uxTaskResetEventItemValue), (24 bytes).
    Removing tasks.o(i.vTaskDelete), (172 bytes).
    Removing tasks.o(i.vTaskEndScheduler), (28 bytes).
    Removing tasks.o(i.vTaskMissedYield), (12 bytes).
    Removing tasks.o(i.vTaskNotifyGiveFromISR), (184 bytes).
    Removing tasks.o(i.vTaskPlaceOnEventList), (48 bytes).
    Removing tasks.o(i.vTaskPlaceOnUnorderedEventList), (80 bytes).
    Removing tasks.o(i.vTaskPriorityInherit), (132 bytes).
    Removing tasks.o(i.vTaskPrioritySet), (196 bytes).
    Removing tasks.o(i.vTaskResume), (124 bytes).
    Removing tasks.o(i.vTaskSetTimeOutState), (36 bytes).
    Removing tasks.o(i.vTaskSuspend), (176 bytes).
    Removing tasks.o(i.xTaskCheckForTimeOut), (108 bytes).
    Removing tasks.o(i.xTaskGenericNotify), (204 bytes).
    Removing tasks.o(i.xTaskGenericNotifyFromISR), (240 bytes).
    Removing tasks.o(i.xTaskGetCurrentTaskHandle), (12 bytes).
    Removing tasks.o(i.xTaskGetSchedulerState), (28 bytes).
    Removing tasks.o(i.xTaskGetTickCount), (12 bytes).
    Removing tasks.o(i.xTaskGetTickCountFromISR), (16 bytes).
    Removing tasks.o(i.xTaskNotifyStateClear), (52 bytes).
    Removing tasks.o(i.xTaskNotifyWait), (140 bytes).
    Removing tasks.o(i.xTaskPriorityDisinherit), (152 bytes).
    Removing tasks.o(i.xTaskRemoveFromEventList), (116 bytes).
    Removing tasks.o(i.xTaskRemoveFromUnorderedEventList), (120 bytes).
    Removing tasks.o(i.xTaskResumeFromISR), (136 bytes).
    Removing cmsis_os.o(.rev16_text), (4 bytes).
    Removing cmsis_os.o(.revsh_text), (4 bytes).
    Removing cmsis_os.o(i.inHandlerMode), (12 bytes).
    Removing cmsis_os.o(i.makeCmsisPriority), (14 bytes).
    Removing cmsis_os.o(i.osAbortDelay), (4 bytes).
    Removing cmsis_os.o(i.osDelayUntil), (4 bytes).
    Removing cmsis_os.o(i.osKernelRunning), (18 bytes).
    Removing cmsis_os.o(i.osKernelSysTick), (24 bytes).
    Removing cmsis_os.o(i.osMailAlloc), (12 bytes).
    Removing cmsis_os.o(i.osMailCAlloc), (32 bytes).
    Removing cmsis_os.o(i.osMailCreate), (92 bytes).
    Removing cmsis_os.o(i.osMailFree), (12 bytes).
    Removing cmsis_os.o(i.osMailGet), (148 bytes).
    Removing cmsis_os.o(i.osMailPut), (92 bytes).
    Removing cmsis_os.o(i.osMessageAvailableSpace), (4 bytes).
    Removing cmsis_os.o(i.osMessageCreate), (8 bytes).
    Removing cmsis_os.o(i.osMessageDelete), (24 bytes).
    Removing cmsis_os.o(i.osMessageGet), (152 bytes).
    Removing cmsis_os.o(i.osMessagePeek), (78 bytes).
    Removing cmsis_os.o(i.osMessagePut), (92 bytes).
    Removing cmsis_os.o(i.osMessageWaiting), (30 bytes).
    Removing cmsis_os.o(i.osMutexCreate), (6 bytes).
    Removing cmsis_os.o(i.osMutexDelete), (24 bytes).
    Removing cmsis_os.o(i.osMutexRelease), (80 bytes).
    Removing cmsis_os.o(i.osMutexWait), (104 bytes).
    Removing cmsis_os.o(i.osPoolAlloc), (106 bytes).
    Removing cmsis_os.o(i.osPoolCAlloc), (16 bytes).
    Removing cmsis_os.o(i.osPoolCreate), (94 bytes).
    Removing cmsis_os.o(i.osPoolFree), (48 bytes).
    Removing cmsis_os.o(i.osRecursiveMutexCreate), (4 bytes).
    Removing cmsis_os.o(i.osRecursiveMutexRelease), (4 bytes).
    Removing cmsis_os.o(i.osRecursiveMutexWait), (4 bytes).
    Removing cmsis_os.o(i.osSemaphoreCreate), (38 bytes).
    Removing cmsis_os.o(i.osSemaphoreDelete), (24 bytes).
    Removing cmsis_os.o(i.osSemaphoreGetCount), (4 bytes).
    Removing cmsis_os.o(i.osSemaphoreRelease), (80 bytes).
    Removing cmsis_os.o(i.osSemaphoreWait), (104 bytes).
    Removing cmsis_os.o(i.osSignalSet), (92 bytes).
    Removing cmsis_os.o(i.osSignalWait), (86 bytes).
    Removing cmsis_os.o(i.osSystickHandler), (20 bytes).
    Removing cmsis_os.o(i.osThreadGetId), (4 bytes).
    Removing cmsis_os.o(i.osThreadGetPriority), (32 bytes).
    Removing cmsis_os.o(i.osThreadList), (4 bytes).
    Removing cmsis_os.o(i.osThreadResume), (52 bytes).
    Removing cmsis_os.o(i.osThreadResumeAll), (18 bytes).
    Removing cmsis_os.o(i.osThreadSetPriority), (22 bytes).
    Removing cmsis_os.o(i.osThreadSuspend), (10 bytes).
    Removing cmsis_os.o(i.osThreadSuspendAll), (10 bytes).
    Removing cmsis_os.o(i.osThreadTerminate), (10 bytes).
    Removing cmsis_os.o(i.osThreadYield), (24 bytes).
    Removing cmsis_os.o(i.osTimerCreate), (4 bytes).
    Removing cmsis_os.o(i.osTimerDelete), (4 bytes).
    Removing cmsis_os.o(i.osTimerStart), (4 bytes).
    Removing cmsis_os.o(i.osTimerStop), (4 bytes).
    Removing heap_4.o(i.vPortInitialiseBlocks), (2 bytes).
    Removing heap_4.o(i.xPortGetFreeHeapSize), (12 bytes).
    Removing heap_4.o(i.xPortGetMinimumEverFreeHeapSize), (12 bytes).
    Removing port.o(i.vPortEndScheduler), (32 bytes).
    Removing port.o(i.vPortValidateInterruptPriority), (84 bytes).
    Removing dadd.o(.text), (334 bytes).
    Removing dmul.o(.text), (228 bytes).
    Removing ddiv.o(.text), (222 bytes).
    Removing dfixul.o(.text), (48 bytes).
    Removing cdrcmple.o(.text), (48 bytes).
    Removing depilogue.o(.text), (186 bytes).

537 unused section(s) (total 37093 bytes) removed from the image.

==============================================================================

Image Symbol Table

    Local Symbols

    Symbol Name                              Value     Ov Type        Size  Object(Section)

    ../Drivers/STM32F1xx_HAL_Driver/Src/stm32f1xx_hal.c 0x00000000   Number         0  stm32f1xx_hal.o ABSOLUTE
    ../Drivers/STM32F1xx_HAL_Driver/Src/stm32f1xx_hal_cortex.c 0x00000000   Number         0  stm32f1xx_hal_cortex.o ABSOLUTE
    ../Drivers/STM32F1xx_HAL_Driver/Src/stm32f1xx_hal_dma.c 0x00000000   Number         0  stm32f1xx_hal_dma.o ABSOLUTE
    ../Drivers/STM32F1xx_HAL_Driver/Src/stm32f1xx_hal_flash.c 0x00000000   Number         0  stm32f1xx_hal_flash.o ABSOLUTE
    ../Drivers/STM32F1xx_HAL_Driver/Src/stm32f1xx_hal_flash_ex.c 0x00000000   Number         0  stm32f1xx_hal_flash_ex.o ABSOLUTE
    ../Drivers/STM32F1xx_HAL_Driver/Src/stm32f1xx_hal_gpio.c 0x00000000   Number         0  stm32f1xx_hal_gpio.o ABSOLUTE
    ../Drivers/STM32F1xx_HAL_Driver/Src/stm32f1xx_hal_gpio_ex.c 0x00000000   Number         0  stm32f1xx_hal_gpio_ex.o ABSOLUTE
    ../Drivers/STM32F1xx_HAL_Driver/Src/stm32f1xx_hal_pwr.c 0x00000000   Number         0  stm32f1xx_hal_pwr.o ABSOLUTE
    ../Drivers/STM32F1xx_HAL_Driver/Src/stm32f1xx_hal_rcc.c 0x00000000   Number         0  stm32f1xx_hal_rcc.o ABSOLUTE
    ../Drivers/STM32F1xx_HAL_Driver/Src/stm32f1xx_hal_rcc_ex.c 0x00000000   Number         0  stm32f1xx_hal_rcc_ex.o ABSOLUTE
    ../Drivers/STM32F1xx_HAL_Driver/Src/stm32f1xx_hal_tim.c 0x00000000   Number         0  stm32f1xx_hal_tim.o ABSOLUTE
    ../Drivers/STM32F1xx_HAL_Driver/Src/stm32f1xx_hal_tim_ex.c 0x00000000   Number         0  stm32f1xx_hal_tim_ex.o ABSOLUTE
    ../Drivers/STM32F1xx_HAL_Driver/Src/stm32f1xx_hal_uart.c 0x00000000   Number         0  stm32f1xx_hal_uart.o ABSOLUTE
    ../Middlewares/Third_Party/FreeRTOS/Source/CMSIS_RTOS/cmsis_os.c 0x00000000   Number         0  cmsis_os.o ABSOLUTE
    ../Middlewares/Third_Party/FreeRTOS/Source/croutine.c 0x00000000   Number         0  croutine.o ABSOLUTE
    ../Middlewares/Third_Party/FreeRTOS/Source/event_groups.c 0x00000000   Number         0  event_groups.o ABSOLUTE
    ../Middlewares/Third_Party/FreeRTOS/Source/list.c 0x00000000   Number         0  list.o ABSOLUTE
    ../Middlewares/Third_Party/FreeRTOS/Source/portable/MemMang/heap_4.c 0x00000000   Number         0  heap_4.o ABSOLUTE
    ../Middlewares/Third_Party/FreeRTOS/Source/portable/RVDS/ARM_CM3/port.c 0x00000000   Number         0  port.o ABSOLUTE
    ../Middlewares/Third_Party/FreeRTOS/Source/queue.c 0x00000000   Number         0  queue.o ABSOLUTE
    ../Middlewares/Third_Party/FreeRTOS/Source/tasks.c 0x00000000   Number         0  tasks.o ABSOLUTE
    ../Middlewares/Third_Party/FreeRTOS/Source/timers.c 0x00000000   Number         0  timers.o ABSOLUTE
    ../Src/freertos.c                        0x00000000   Number         0  freertos.o ABSOLUTE
    ../Src/main.c                            0x00000000   Number         0  main.o ABSOLUTE
    ../Src/stm32f1xx_hal_msp.c               0x00000000   Number         0  stm32f1xx_hal_msp.o ABSOLUTE
    ../Src/stm32f1xx_hal_timebase_tim.c      0x00000000   Number         0  stm32f1xx_hal_timebase_tim.o ABSOLUTE
    ../Src/stm32f1xx_it.c                    0x00000000   Number         0  stm32f1xx_it.o ABSOLUTE
    ../Src/system_stm32f1xx.c                0x00000000   Number         0  system_stm32f1xx.o ABSOLUTE
    ../clib/../cmprslib/zerorunl2.c          0x00000000   Number         0  __dczerorl2.o ABSOLUTE
    ../clib/microlib/division.c              0x00000000   Number         0  uidiv.o ABSOLUTE
    ../clib/microlib/division.c              0x00000000   Number         0  uldiv.o ABSOLUTE
    ../clib/microlib/init/entry.s            0x00000000   Number         0  entry2.o ABSOLUTE
    ../clib/microlib/init/entry.s            0x00000000   Number         0  entry5.o ABSOLUTE
    ../clib/microlib/init/entry.s            0x00000000   Number         0  entry9a.o ABSOLUTE
    ../clib/microlib/init/entry.s            0x00000000   Number         0  entry9b.o ABSOLUTE
    ../clib/microlib/init/entry.s            0x00000000   Number         0  entry10a.o ABSOLUTE
    ../clib/microlib/init/entry.s            0x00000000   Number         0  entry8b.o ABSOLUTE
    ../clib/microlib/init/entry.s            0x00000000   Number         0  entry7a.o ABSOLUTE
    ../clib/microlib/init/entry.s            0x00000000   Number         0  entry10b.o ABSOLUTE
    ../clib/microlib/init/entry.s            0x00000000   Number         0  entry11a.o ABSOLUTE
    ../clib/microlib/init/entry.s            0x00000000   Number         0  entry.o ABSOLUTE
    ../clib/microlib/init/entry.s            0x00000000   Number         0  entry8a.o ABSOLUTE
    ../clib/microlib/init/entry.s            0x00000000   Number         0  entry7b.o ABSOLUTE
    ../clib/microlib/init/entry.s            0x00000000   Number         0  entry11b.o ABSOLUTE
    ../clib/microlib/longlong.c              0x00000000   Number         0  llushr.o ABSOLUTE
    ../clib/microlib/longlong.c              0x00000000   Number         0  llsshr.o ABSOLUTE
    ../clib/microlib/longlong.c              0x00000000   Number         0  llshl.o ABSOLUTE
    ../clib/microlib/printf/printf.c         0x00000000   Number         0  printf1.o ABSOLUTE
    ../clib/microlib/printf/printf.c         0x00000000   Number         0  printf6.o ABSOLUTE
    ../clib/microlib/printf/printf.c         0x00000000   Number         0  printf8.o ABSOLUTE
    ../clib/microlib/printf/printf.c         0x00000000   Number         0  printf5.o ABSOLUTE
    ../clib/microlib/printf/printf.c         0x00000000   Number         0  printf4.o ABSOLUTE
    ../clib/microlib/printf/printf.c         0x00000000   Number         0  printf3.o ABSOLUTE
    ../clib/microlib/printf/printf.c         0x00000000   Number         0  printf2.o ABSOLUTE
    ../clib/microlib/printf/printf.c         0x00000000   Number         0  printf0.o ABSOLUTE
    ../clib/microlib/printf/printf.c         0x00000000   Number         0  printfb.o ABSOLUTE
    ../clib/microlib/printf/printf.c         0x00000000   Number         0  printf7.o ABSOLUTE
    ../clib/microlib/printf/printf.c         0x00000000   Number         0  printfa.o ABSOLUTE
    ../clib/microlib/stdio/streams.c         0x00000000   Number         0  stdout.o ABSOLUTE
    ../clib/microlib/string/memcpy.c         0x00000000   Number         0  memcpyb.o ABSOLUTE
    ../clib/microlib/string/memcpy.c         0x00000000   Number         0  memcpya.o ABSOLUTE
    ../clib/microlib/string/memset.c         0x00000000   Number         0  memseta.o ABSOLUTE
    ../clib/microlib/stubs.s                 0x00000000   Number         0  iusefp.o ABSOLUTE
    ../fplib/microlib/fpadd.c                0x00000000   Number         0  dadd.o ABSOLUTE
    ../fplib/microlib/fpdiv.c                0x00000000   Number         0  ddiv.o ABSOLUTE
    ../fplib/microlib/fpepilogue.c           0x00000000   Number         0  depilogue.o ABSOLUTE
    ../fplib/microlib/fpfix.c                0x00000000   Number         0  dfixul.o ABSOLUTE
    ../fplib/microlib/fpmul.c                0x00000000   Number         0  dmul.o ABSOLUTE
    ..\Drivers\STM32F1xx_HAL_Driver\Src\stm32f1xx_hal.c 0x00000000   Number         0  stm32f1xx_hal.o ABSOLUTE
    ..\Drivers\STM32F1xx_HAL_Driver\Src\stm32f1xx_hal_cortex.c 0x00000000   Number         0  stm32f1xx_hal_cortex.o ABSOLUTE
    ..\Drivers\STM32F1xx_HAL_Driver\Src\stm32f1xx_hal_dma.c 0x00000000   Number         0  stm32f1xx_hal_dma.o ABSOLUTE
    ..\Drivers\STM32F1xx_HAL_Driver\Src\stm32f1xx_hal_flash.c 0x00000000   Number         0  stm32f1xx_hal_flash.o ABSOLUTE
    ..\Drivers\STM32F1xx_HAL_Driver\Src\stm32f1xx_hal_flash_ex.c 0x00000000   Number         0  stm32f1xx_hal_flash_ex.o ABSOLUTE
    ..\Drivers\STM32F1xx_HAL_Driver\Src\stm32f1xx_hal_gpio.c 0x00000000   Number         0  stm32f1xx_hal_gpio.o ABSOLUTE
    ..\Drivers\STM32F1xx_HAL_Driver\Src\stm32f1xx_hal_gpio_ex.c 0x00000000   Number         0  stm32f1xx_hal_gpio_ex.o ABSOLUTE
    ..\Drivers\STM32F1xx_HAL_Driver\Src\stm32f1xx_hal_i2c.c 0x00000000   Number         0  stm32f1xx_hal_i2c.o ABSOLUTE
    ..\Drivers\STM32F1xx_HAL_Driver\Src\stm32f1xx_hal_pwr.c 0x00000000   Number         0  stm32f1xx_hal_pwr.o ABSOLUTE
    ..\Drivers\STM32F1xx_HAL_Driver\Src\stm32f1xx_hal_rcc.c 0x00000000   Number         0  stm32f1xx_hal_rcc.o ABSOLUTE
    ..\Drivers\STM32F1xx_HAL_Driver\Src\stm32f1xx_hal_rcc_ex.c 0x00000000   Number         0  stm32f1xx_hal_rcc_ex.o ABSOLUTE
    ..\Drivers\STM32F1xx_HAL_Driver\Src\stm32f1xx_hal_tim.c 0x00000000   Number         0  stm32f1xx_hal_tim.o ABSOLUTE
    ..\Drivers\STM32F1xx_HAL_Driver\Src\stm32f1xx_hal_tim_ex.c 0x00000000   Number         0  stm32f1xx_hal_tim_ex.o ABSOLUTE
    ..\Drivers\STM32F1xx_HAL_Driver\Src\stm32f1xx_hal_uart.c 0x00000000   Number         0  stm32f1xx_hal_uart.o ABSOLUTE
    ..\Middlewares\Third_Party\FreeRTOS\Source\CMSIS_RTOS\cmsis_os.c 0x00000000   Number         0  cmsis_os.o ABSOLUTE
    ..\Middlewares\Third_Party\FreeRTOS\Source\portable\RVDS\ARM_CM3\port.c 0x00000000   Number         0  port.o ABSOLUTE
    ..\Src\freertos.c                        0x00000000   Number         0  freertos.o ABSOLUTE
    ..\Src\main.c                            0x00000000   Number         0  main.o ABSOLUTE
    ..\Src\stm32f1xx_hal_msp.c               0x00000000   Number         0  stm32f1xx_hal_msp.o ABSOLUTE
    ..\Src\stm32f1xx_hal_timebase_tim.c      0x00000000   Number         0  stm32f1xx_hal_timebase_tim.o ABSOLUTE
    ..\Src\stm32f1xx_it.c                    0x00000000   Number         0  stm32f1xx_it.o ABSOLUTE
    ..\Src\system_stm32f1xx.c                0x00000000   Number         0  system_stm32f1xx.o ABSOLUTE
    ..\\Drivers\\STM32F1xx_HAL_Driver\\Src\\stm32f1xx_hal_i2c.c 0x00000000   Number         0  stm32f1xx_hal_i2c.o ABSOLUTE
    cdrcmple.s                               0x00000000   Number         0  cdrcmple.o ABSOLUTE
    dc.s                                     0x00000000   Number         0  dc.o ABSOLUTE
    handlers.s                               0x00000000   Number         0  handlers.o ABSOLUTE
    init.s                                   0x00000000   Number         0  init.o ABSOLUTE
    startup_stm32f103xb.s                    0x00000000   Number         0  startup_stm32f103xb.o ABSOLUTE
    RESET                                    0x08000000   Section      236  startup_stm32f103xb.o(RESET)
    .ARM.Collect$$$$00000000                 0x080000ec   Section        0  entry.o(.ARM.Collect$$$$00000000)
    .ARM.Collect$$$$00000001                 0x080000ec   Section        4  entry2.o(.ARM.Collect$$$$00000001)
    .ARM.Collect$$$$00000004                 0x080000f0   Section        4  entry5.o(.ARM.Collect$$$$00000004)
    .ARM.Collect$$$$00000008                 0x080000f4   Section        0  entry7b.o(.ARM.Collect$$$$00000008)
    .ARM.Collect$$$$0000000A                 0x080000f4   Section        0  entry8b.o(.ARM.Collect$$$$0000000A)
    .ARM.Collect$$$$0000000B                 0x080000f4   Section        8  entry9a.o(.ARM.Collect$$$$0000000B)
    .ARM.Collect$$$$0000000D                 0x080000fc   Section        0  entry10a.o(.ARM.Collect$$$$0000000D)
    .ARM.Collect$$$$0000000F                 0x080000fc   Section        0  entry11a.o(.ARM.Collect$$$$0000000F)
    .ARM.Collect$$$$00002712                 0x080000fc   Section        4  entry2.o(.ARM.Collect$$$$00002712)
    __lit__00000000                          0x080000fc   Data           4  entry2.o(.ARM.Collect$$$$00002712)
    .emb_text                                0x08000100   Section      150  port.o(.emb_text)
    .text                                    0x08000198   Section       36  startup_stm32f103xb.o(.text)
    .text                                    0x080001bc   Section        0  memcpya.o(.text)
    .text                                    0x080001e0   Section        0  memseta.o(.text)
    .text                                    0x08000204   Section       36  init.o(.text)
    .text                                    0x08000228   Section        0  __dczerorl2.o(.text)
    i.BusFault_Handler                       0x0800027e   Section        0  stm32f1xx_it.o(i.BusFault_Handler)
    i.DebugMon_Handler                       0x08000280   Section        0  stm32f1xx_it.o(i.DebugMon_Handler)
    i.EEPROM24XX_IsConnected                 0x08000284   Section        0  main.o(i.EEPROM24XX_IsConnected)
    i.EEPROM24XX_Load                        0x080002a0   Section        0  main.o(i.EEPROM24XX_Load)
    i.EEPROM24XX_Save                        0x080002c4   Section        0  main.o(i.EEPROM24XX_Save)
    i.HAL_Delay                              0x080002f4   Section        0  stm32f1xx_hal.o(i.HAL_Delay)
    i.HAL_GPIO_Init                          0x08000318   Section        0  stm32f1xx_hal_gpio.o(i.HAL_GPIO_Init)
    i.HAL_GPIO_ReadPin                       0x080004d4   Section        0  stm32f1xx_hal_gpio.o(i.HAL_GPIO_ReadPin)
    i.HAL_GPIO_WritePin                      0x080004de   Section        0  stm32f1xx_hal_gpio.o(i.HAL_GPIO_WritePin)
    i.HAL_GetTick                            0x080004e8   Section        0  stm32f1xx_hal.o(i.HAL_GetTick)
    i.HAL_I2C1_MspInit                       0x080004f4   Section        0  main.o(i.HAL_I2C1_MspInit)
    i.HAL_I2C_Init                           0x08000580   Section        0  stm32f1xx_hal_i2c.o(i.HAL_I2C_Init)
    i.HAL_I2C_IsDeviceReady                  0x080006c0   Section        0  stm32f1xx_hal_i2c.o(i.HAL_I2C_IsDeviceReady)
    i.HAL_I2C_Mem_Read                       0x08000820   Section        0  stm32f1xx_hal_i2c.o(i.HAL_I2C_Mem_Read)
    i.HAL_I2C_Mem_Write                      0x08000a40   Section        0  stm32f1xx_hal_i2c.o(i.HAL_I2C_Mem_Write)
    i.HAL_I2C_MspInit                        0x08000b7c   Section        0  stm32f1xx_hal_msp.o(i.HAL_I2C_MspInit)
    i.HAL_IncTick                            0x08000bd8   Section        0  stm32f1xx_hal.o(i.HAL_IncTick)
    i.HAL_Init                               0x08000be8   Section        0  stm32f1xx_hal.o(i.HAL_Init)
    i.HAL_InitTick                           0x08000c0c   Section        0  stm32f1xx_hal_timebase_tim.o(i.HAL_InitTick)
    i.HAL_MspInit                            0x08000c80   Section        0  stm32f1xx_hal_msp.o(i.HAL_MspInit)
    i.HAL_NVIC_EnableIRQ                     0x08000cc4   Section        0  stm32f1xx_hal_cortex.o(i.HAL_NVIC_EnableIRQ)
    i.HAL_NVIC_SetPriority                   0x08000cdc   Section        0  stm32f1xx_hal_cortex.o(i.HAL_NVIC_SetPriority)
    i.HAL_NVIC_SetPriorityGrouping           0x08000d1c   Section        0  stm32f1xx_hal_cortex.o(i.HAL_NVIC_SetPriorityGrouping)
    i.HAL_RCC_ClockConfig                    0x08000d40   Section        0  stm32f1xx_hal_rcc.o(i.HAL_RCC_ClockConfig)
    i.HAL_RCC_GetClockConfig                 0x08000eac   Section        0  stm32f1xx_hal_rcc.o(i.HAL_RCC_GetClockConfig)
    i.HAL_RCC_GetPCLK1Freq                   0x08000eec   Section        0  stm32f1xx_hal_rcc.o(i.HAL_RCC_GetPCLK1Freq)
    i.HAL_RCC_GetPCLK2Freq                   0x08000f0c   Section        0  stm32f1xx_hal_rcc.o(i.HAL_RCC_GetPCLK2Freq)
    i.HAL_RCC_GetSysClockFreq                0x08000f2c   Section        0  stm32f1xx_hal_rcc.o(i.HAL_RCC_GetSysClockFreq)
    i.HAL_RCC_OscConfig                      0x08000f98   Section        0  stm32f1xx_hal_rcc.o(i.HAL_RCC_OscConfig)
    i.HAL_TIMEx_BreakCallback                0x0800129c   Section        0  stm32f1xx_hal_tim_ex.o(i.HAL_TIMEx_BreakCallback)
    i.HAL_TIMEx_CommutationCallback          0x0800129e   Section        0  stm32f1xx_hal_tim_ex.o(i.HAL_TIMEx_CommutationCallback)
    i.HAL_TIMEx_MasterConfigSynchronization  0x080012a0   Section        0  stm32f1xx_hal_tim_ex.o(i.HAL_TIMEx_MasterConfigSynchronization)
    i.HAL_TIM_Base_Init                      0x080012f0   Section        0  stm32f1xx_hal_tim.o(i.HAL_TIM_Base_Init)
    i.HAL_TIM_Base_MspInit                   0x08001328   Section        0  stm32f1xx_hal_msp.o(i.HAL_TIM_Base_MspInit)
    i.HAL_TIM_Base_Start_IT                  0x08001388   Section        0  stm32f1xx_hal_tim.o(i.HAL_TIM_Base_Start_IT)
    i.HAL_TIM_ConfigClockSource              0x080013a0   Section        0  stm32f1xx_hal_tim.o(i.HAL_TIM_ConfigClockSource)
    i.HAL_TIM_IC_CaptureCallback             0x08001492   Section        0  stm32f1xx_hal_tim.o(i.HAL_TIM_IC_CaptureCallback)
    i.HAL_TIM_IRQHandler                     0x08001494   Section        0  stm32f1xx_hal_tim.o(i.HAL_TIM_IRQHandler)
    i.HAL_TIM_OC_DelayElapsedCallback        0x080015fa   Section        0  stm32f1xx_hal_tim.o(i.HAL_TIM_OC_DelayElapsedCallback)
    i.HAL_TIM_PWM_PulseFinishedCallback      0x080015fc   Section        0  stm32f1xx_hal_tim.o(i.HAL_TIM_PWM_PulseFinishedCallback)
    i.HAL_TIM_PeriodElapsedCallback          0x08001600   Section        0  main.o(i.HAL_TIM_PeriodElapsedCallback)
    i.HAL_TIM_TriggerCallback                0x08001650   Section        0  stm32f1xx_hal_tim.o(i.HAL_TIM_TriggerCallback)
    i.HAL_UART_Init                          0x08001652   Section        0  stm32f1xx_hal_uart.o(i.HAL_UART_Init)
    i.HAL_UART_MspInit                       0x080016b4   Section        0  stm32f1xx_hal_msp.o(i.HAL_UART_MspInit)
    i.HAL_UART_Transmit                      0x08001724   Section        0  stm32f1xx_hal_uart.o(i.HAL_UART_Transmit)
    i.HardFault_Handler                      0x080017de   Section        0  stm32f1xx_it.o(i.HardFault_Handler)
    i.I2C_IsAcknowledgeFailed                0x080017e0   Section        0  stm32f1xx_hal_i2c.o(i.I2C_IsAcknowledgeFailed)
    I2C_IsAcknowledgeFailed                  0x080017e1   Thumb Code    40  stm32f1xx_hal_i2c.o(i.I2C_IsAcknowledgeFailed)
    i.I2C_RequestMemoryRead                  0x08001808   Section        0  stm32f1xx_hal_i2c.o(i.I2C_RequestMemoryRead)
    I2C_RequestMemoryRead                    0x08001809   Thumb Code   240  stm32f1xx_hal_i2c.o(i.I2C_RequestMemoryRead)
    i.I2C_RequestMemoryWrite                 0x080018f8   Section        0  stm32f1xx_hal_i2c.o(i.I2C_RequestMemoryWrite)
    I2C_RequestMemoryWrite                   0x080018f9   Thumb Code   156  stm32f1xx_hal_i2c.o(i.I2C_RequestMemoryWrite)
    i.I2C_WaitOnBTFFlagUntilTimeout          0x08001998   Section        0  stm32f1xx_hal_i2c.o(i.I2C_WaitOnBTFFlagUntilTimeout)
    I2C_WaitOnBTFFlagUntilTimeout            0x08001999   Thumb Code    78  stm32f1xx_hal_i2c.o(i.I2C_WaitOnBTFFlagUntilTimeout)
    i.I2C_WaitOnFlagUntilTimeout             0x080019e6   Section        0  stm32f1xx_hal_i2c.o(i.I2C_WaitOnFlagUntilTimeout)
    I2C_WaitOnFlagUntilTimeout               0x080019e7   Thumb Code    96  stm32f1xx_hal_i2c.o(i.I2C_WaitOnFlagUntilTimeout)
    i.I2C_WaitOnMasterAddressFlagUntilTimeout 0x08001a48   Section        0  stm32f1xx_hal_i2c.o(i.I2C_WaitOnMasterAddressFlagUntilTimeout)
    I2C_WaitOnMasterAddressFlagUntilTimeout  0x08001a49   Thumb Code   136  stm32f1xx_hal_i2c.o(i.I2C_WaitOnMasterAddressFlagUntilTimeout)
    i.I2C_WaitOnRXNEFlagUntilTimeout         0x08001ad0   Section        0  stm32f1xx_hal_i2c.o(i.I2C_WaitOnRXNEFlagUntilTimeout)
    I2C_WaitOnRXNEFlagUntilTimeout           0x08001ad1   Thumb Code    98  stm32f1xx_hal_i2c.o(i.I2C_WaitOnRXNEFlagUntilTimeout)
    i.I2C_WaitOnTXEFlagUntilTimeout          0x08001b32   Section        0  stm32f1xx_hal_i2c.o(i.I2C_WaitOnTXEFlagUntilTimeout)
    I2C_WaitOnTXEFlagUntilTimeout            0x08001b33   Thumb Code    78  stm32f1xx_hal_i2c.o(i.I2C_WaitOnTXEFlagUntilTimeout)
    i.MX_GPIO_Init                           0x08001b80   Section        0  main.o(i.MX_GPIO_Init)
    MX_GPIO_Init                             0x08001b81   Thumb Code   148  main.o(i.MX_GPIO_Init)
    i.MX_TIM2_Init                           0x08001c24   Section        0  main.o(i.MX_TIM2_Init)
    MX_TIM2_Init                             0x08001c25   Thumb Code    76  main.o(i.MX_TIM2_Init)
    i.MX_TIM3_Init                           0x08001c74   Section        0  main.o(i.MX_TIM3_Init)
    MX_TIM3_Init                             0x08001c75   Thumb Code    74  main.o(i.MX_TIM3_Init)
    i.MemManage_Handler                      0x08001cc8   Section        0  stm32f1xx_it.o(i.MemManage_Handler)
    i.NMI_Handler                            0x08001cca   Section        0  stm32f1xx_it.o(i.NMI_Handler)
    i.NVIC_SetPriority                       0x08001ccc   Section        0  stm32f1xx_hal_cortex.o(i.NVIC_SetPriority)
    NVIC_SetPriority                         0x08001ccd   Thumb Code    32  stm32f1xx_hal_cortex.o(i.NVIC_SetPriority)
    i.PrintNumber                            0x08001cec   Section        0  main.o(i.PrintNumber)
    i.ScreenUpdate                           0x08001d34   Section        0  main.o(i.ScreenUpdate)
    i.SysTick_Handler                        0x08001da8   Section        0  port.o(i.SysTick_Handler)
    i.SystemClock_Config                     0x08001dd4   Section        0  main.o(i.SystemClock_Config)
    i.SystemInit                             0x08001e20   Section        0  system_stm32f1xx.o(i.SystemInit)
    i.TIM1_UP_IRQHandler                     0x08001e68   Section        0  stm32f1xx_it.o(i.TIM1_UP_IRQHandler)
    i.TIM2_IRQHandler                        0x08001e74   Section        0  stm32f1xx_it.o(i.TIM2_IRQHandler)
    i.TIM3_IRQHandler                        0x08001e80   Section        0  stm32f1xx_it.o(i.TIM3_IRQHandler)
    i.TIM_Base_SetConfig                     0x08001e8c   Section        0  stm32f1xx_hal_tim.o(i.TIM_Base_SetConfig)
    i.TIM_ETR_SetConfig                      0x08001ef8   Section        0  stm32f1xx_hal_tim.o(i.TIM_ETR_SetConfig)
    TIM_ETR_SetConfig                        0x08001ef9   Thumb Code    20  stm32f1xx_hal_tim.o(i.TIM_ETR_SetConfig)
    i.TIM_ITRx_SetConfig                     0x08001f0c   Section        0  stm32f1xx_hal_tim.o(i.TIM_ITRx_SetConfig)
    TIM_ITRx_SetConfig                       0x08001f0d   Thumb Code    16  stm32f1xx_hal_tim.o(i.TIM_ITRx_SetConfig)
    i.TIM_TI1_ConfigInputStage               0x08001f1c   Section        0  stm32f1xx_hal_tim.o(i.TIM_TI1_ConfigInputStage)
    TIM_TI1_ConfigInputStage                 0x08001f1d   Thumb Code    34  stm32f1xx_hal_tim.o(i.TIM_TI1_ConfigInputStage)
    i.TIM_TI2_ConfigInputStage               0x08001f3e   Section        0  stm32f1xx_hal_tim.o(i.TIM_TI2_ConfigInputStage)
    TIM_TI2_ConfigInputStage                 0x08001f3f   Thumb Code    36  stm32f1xx_hal_tim.o(i.TIM_TI2_ConfigInputStage)
    i.TM_KEYPAD_INT_CheckRow                 0x08001f64   Section        0  main.o(i.TM_KEYPAD_INT_CheckRow)
    i.TM_KEYPAD_INT_Read                     0x08001f98   Section        0  main.o(i.TM_KEYPAD_INT_Read)
    i.TM_KEYPAD_INT_SetColumn                0x0800200c   Section        0  main.o(i.TM_KEYPAD_INT_SetColumn)
    i.UART_SetConfig                         0x080020c4   Section        0  stm32f1xx_hal_uart.o(i.UART_SetConfig)
    UART_SetConfig                           0x080020c5   Thumb Code   364  stm32f1xx_hal_uart.o(i.UART_SetConfig)
    i.UART_WaitOnFlagUntilTimeout            0x08002234   Section        0  stm32f1xx_hal_uart.o(i.UART_WaitOnFlagUntilTimeout)
    UART_WaitOnFlagUntilTimeout              0x08002235   Thumb Code   100  stm32f1xx_hal_uart.o(i.UART_WaitOnFlagUntilTimeout)
    i.UsageFault_Handler                     0x08002298   Section        0  stm32f1xx_it.o(i.UsageFault_Handler)
    i.__0printf$bare                         0x0800229c   Section        0  printfb.o(i.__0printf$bare)
    i.__scatterload_copy                     0x080022ac   Section       14  handlers.o(i.__scatterload_copy)
    i.__scatterload_null                     0x080022ba   Section        2  handlers.o(i.__scatterload_null)
    i.__scatterload_zeroinit                 0x080022bc   Section       14  handlers.o(i.__scatterload_zeroinit)
    i._printf_core                           0x080022ca   Section        0  printfb.o(i._printf_core)
    _printf_core                             0x080022cb   Thumb Code    34  printfb.o(i._printf_core)
    i.fputc                                  0x080022ec   Section        0  main.o(i.fputc)
    i.main                                   0x08002304   Section        0  main.o(i.main)
    i.makeFreeRtosPriority                   0x08002504   Section        0  cmsis_os.o(i.makeFreeRtosPriority)
    makeFreeRtosPriority                     0x08002505   Thumb Code    12  cmsis_os.o(i.makeFreeRtosPriority)
    i.osDelay                                0x08002510   Section        0  cmsis_os.o(i.osDelay)
    i.osKernelStart                          0x0800251e   Section        0  cmsis_os.o(i.osKernelStart)
    i.osThreadCreate                         0x08002528   Section        0  cmsis_os.o(i.osThreadCreate)
    i.prvAddCurrentTaskToDelayedList         0x08002558   Section        0  tasks.o(i.prvAddCurrentTaskToDelayedList)
    prvAddCurrentTaskToDelayedList           0x08002559   Thumb Code   102  tasks.o(i.prvAddCurrentTaskToDelayedList)
    i.prvAddNewTaskToReadyList               0x080025c8   Section        0  tasks.o(i.prvAddNewTaskToReadyList)
    prvAddNewTaskToReadyList                 0x080025c9   Thumb Code   194  tasks.o(i.prvAddNewTaskToReadyList)
    i.prvCheckTasksWaitingTermination        0x08002698   Section        0  tasks.o(i.prvCheckTasksWaitingTermination)
    prvCheckTasksWaitingTermination          0x08002699   Thumb Code    70  tasks.o(i.prvCheckTasksWaitingTermination)
    i.prvDeleteTCB                           0x080026e8   Section        0  tasks.o(i.prvDeleteTCB)
    prvDeleteTCB                             0x080026e9   Thumb Code    20  tasks.o(i.prvDeleteTCB)
    i.prvHeapInit                            0x080026fc   Section        0  heap_4.o(i.prvHeapInit)
    prvHeapInit                              0x080026fd   Thumb Code    66  heap_4.o(i.prvHeapInit)
    i.prvIdleTask                            0x08002748   Section        0  tasks.o(i.prvIdleTask)
    prvIdleTask                              0x08002749   Thumb Code    30  tasks.o(i.prvIdleTask)
    i.prvInitialiseNewTask                   0x08002770   Section        0  tasks.o(i.prvInitialiseNewTask)
    prvInitialiseNewTask                     0x08002771   Thumb Code   142  tasks.o(i.prvInitialiseNewTask)
    i.prvInsertBlockIntoFreeList             0x08002800   Section        0  heap_4.o(i.prvInsertBlockIntoFreeList)
    prvInsertBlockIntoFreeList               0x08002801   Thumb Code    72  heap_4.o(i.prvInsertBlockIntoFreeList)
    i.prvResetNextTaskUnblockTime            0x0800284c   Section        0  tasks.o(i.prvResetNextTaskUnblockTime)
    prvResetNextTaskUnblockTime              0x0800284d   Thumb Code    26  tasks.o(i.prvResetNextTaskUnblockTime)
    i.prvTaskExitError                       0x0800286c   Section        0  port.o(i.prvTaskExitError)
    prvTaskExitError                         0x0800286d   Thumb Code    36  port.o(i.prvTaskExitError)
    i.pvPortMalloc                           0x08002894   Section        0  heap_4.o(i.pvPortMalloc)
    i.pxPortInitialiseStack                  0x0800296c   Section        0  port.o(i.pxPortInitialiseStack)
    i.start_main_isr                         0x08002990   Section        0  main.o(i.start_main_isr)
    i.start_reserve_isr                      0x08002a48   Section        0  main.o(i.start_reserve_isr)
    i.start_setup_isr                        0x08002cc8   Section        0  main.o(i.start_setup_isr)
    i.update_data                            0x08003668   Section        0  main.o(i.update_data)
    i.uxListRemove                           0x0800379c   Section        0  list.o(i.uxListRemove)
    i.vListInitialise                        0x080037c0   Section        0  list.o(i.vListInitialise)
    i.vListInitialiseItem                    0x080037d6   Section        0  list.o(i.vListInitialiseItem)
    i.vListInsert                            0x080037dc   Section        0  list.o(i.vListInsert)
    i.vListInsertEnd                         0x0800380c   Section        0  list.o(i.vListInsertEnd)
    i.vPortEnterCritical                     0x08003824   Section        0  port.o(i.vPortEnterCritical)
    i.vPortExitCritical                      0x08003864   Section        0  port.o(i.vPortExitCritical)
    i.vPortFree                              0x0800388c   Section        0  heap_4.o(i.vPortFree)
    i.vPortSetupTimerInterrupt               0x080038e8   Section        0  port.o(i.vPortSetupTimerInterrupt)
    i.vTaskDelay                             0x08003908   Section        0  tasks.o(i.vTaskDelay)
    i.vTaskStartScheduler                    0x08003954   Section        0  tasks.o(i.vTaskStartScheduler)
    i.vTaskSuspendAll                        0x080039bc   Section        0  tasks.o(i.vTaskSuspendAll)
    i.vTaskSwitchContext                     0x080039cc   Section        0  tasks.o(i.vTaskSwitchContext)
    i.xPortStartScheduler                    0x08003a28   Section        0  port.o(i.xPortStartScheduler)
    i.xTaskCreate                            0x08003a9c   Section        0  tasks.o(i.xTaskCreate)
    i.xTaskIncrementTick                     0x08003af4   Section        0  tasks.o(i.xTaskIncrementTick)
    i.xTaskResumeAll                         0x08003bbc   Section        0  tasks.o(i.xTaskResumeAll)
    .constdata                               0x08003c80   Section      156  main.o(.constdata)
    .constdata                               0x08003d1c   Section       16  system_stm32f1xx.o(.constdata)
    .constdata                               0x08003d2c   Section        8  system_stm32f1xx.o(.constdata)
    .conststring                             0x08003d34   Section       34  main.o(.conststring)
    .data                                    0x20000000   Section      237  main.o(.data)
    KeypadStatus                             0x20000000   Data           1  main.o(.data)
    millis                                   0x2000001e   Data           2  main.o(.data)
    .data                                    0x200000f0   Section       12  stm32f1xx_hal.o(.data)
    .data                                    0x200000fc   Section        4  system_stm32f1xx.o(.data)
    .data                                    0x20000100   Section       60  tasks.o(.data)
    uxDeletedTasksWaitingCleanUp             0x20000104   Data           4  tasks.o(.data)
    uxCurrentNumberOfTasks                   0x20000108   Data           4  tasks.o(.data)
    xTickCount                               0x2000010c   Data           4  tasks.o(.data)
    uxTopReadyPriority                       0x20000110   Data           4  tasks.o(.data)
    xSchedulerRunning                        0x20000114   Data           4  tasks.o(.data)
    uxPendedTicks                            0x20000118   Data           4  tasks.o(.data)
    xYieldPending                            0x2000011c   Data           4  tasks.o(.data)
    xNumOfOverflows                          0x20000120   Data           4  tasks.o(.data)
    uxTaskNumber                             0x20000124   Data           4  tasks.o(.data)
    xNextTaskUnblockTime                     0x20000128   Data           4  tasks.o(.data)
    xIdleTaskHandle                          0x2000012c   Data           4  tasks.o(.data)
    uxSchedulerSuspended                     0x20000130   Data           4  tasks.o(.data)
    pxDelayedTaskList                        0x20000134   Data           4  tasks.o(.data)
    pxOverflowDelayedTaskList                0x20000138   Data           4  tasks.o(.data)
    .data                                    0x2000013c   Section       24  heap_4.o(.data)
    pxEnd                                    0x2000013c   Data           4  heap_4.o(.data)
    xFreeBytesRemaining                      0x20000140   Data           4  heap_4.o(.data)
    xMinimumEverFreeBytesRemaining           0x20000144   Data           4  heap_4.o(.data)
    xBlockAllocatedBit                       0x20000148   Data           4  heap_4.o(.data)
    xStart                                   0x2000014c   Data           8  heap_4.o(.data)
    .data                                    0x20000154   Section       12  port.o(.data)
    ucMaxSysCallPriority                     0x20000154   Data           1  port.o(.data)
    uxCriticalNesting                        0x20000158   Data           4  port.o(.data)
    ulMaxPRIGROUPValue                       0x2000015c   Data           4  port.o(.data)
    .data                                    0x20000160   Section        4  stdout.o(.data)
    .bss                                     0x20000164   Section      276  main.o(.bss)
    .bss                                     0x20000278   Section       64  stm32f1xx_hal_timebase_tim.o(.bss)
    .bss                                     0x200002b8   Section      240  tasks.o(.bss)
    pxReadyTasksLists                        0x200002b8   Data         140  tasks.o(.bss)
    xDelayedTaskList1                        0x20000344   Data          20  tasks.o(.bss)
    xDelayedTaskList2                        0x20000358   Data          20  tasks.o(.bss)
    xPendingReadyList                        0x2000036c   Data          20  tasks.o(.bss)
    xTasksWaitingTermination                 0x20000380   Data          20  tasks.o(.bss)
    xSuspendedTaskList                       0x20000394   Data          20  tasks.o(.bss)
    .bss                                     0x200003a8   Section     3072  heap_4.o(.bss)
    ucHeap                                   0x200003a8   Data        3072  heap_4.o(.bss)
    STACK                                    0x20000fa8   Section     1024  startup_stm32f103xb.o(STACK)

    Global Symbols

    Symbol Name                              Value     Ov Type        Size  Object(Section)

    BuildAttributes$$THM_ISAv4$P$D$K$B$S$PE$A:L22UL41UL21$X:L11$S22US41US21$IEEE1$IW$USESV6$~STKCKD$USESV7$~SHL$OSPACE$ROPI$EBA8$MICROLIB$REQ8$PRES8$EABIv2 0x00000000   Number         0  anon$$obj.o ABSOLUTE
    __ARM_use_no_argv                        0x00000000   Number         0  main.o ABSOLUTE
    __cpp_initialize__aeabi_                  - Undefined Weak Reference
    __cxa_finalize                            - Undefined Weak Reference
    _clock_init                               - Undefined Weak Reference
    _microlib_exit                            - Undefined Weak Reference
    __Vectors_Size                           0x000000ec   Number         0  startup_stm32f103xb.o ABSOLUTE
    __Vectors                                0x08000000   Data           4  startup_stm32f103xb.o(RESET)
    __Vectors_End                            0x080000ec   Data           0  startup_stm32f103xb.o(RESET)
    __main                                   0x080000ed   Thumb Code     0  entry.o(.ARM.Collect$$$$00000000)
    _main_stk                                0x080000ed   Thumb Code     0  entry2.o(.ARM.Collect$$$$00000001)
    _main_scatterload                        0x080000f1   Thumb Code     0  entry5.o(.ARM.Collect$$$$00000004)
    __main_after_scatterload                 0x080000f5   Thumb Code     0  entry5.o(.ARM.Collect$$$$00000004)
    _main_clock                              0x080000f5   Thumb Code     0  entry7b.o(.ARM.Collect$$$$00000008)
    _main_cpp_init                           0x080000f5   Thumb Code     0  entry8b.o(.ARM.Collect$$$$0000000A)
    _main_init                               0x080000f5   Thumb Code     0  entry9a.o(.ARM.Collect$$$$0000000B)
    __rt_final_cpp                           0x080000fd   Thumb Code     0  entry10a.o(.ARM.Collect$$$$0000000D)
    __rt_final_exit                          0x080000fd   Thumb Code     0  entry11a.o(.ARM.Collect$$$$0000000F)
    SVC_Handler                              0x08000101   Thumb Code    32  port.o(.emb_text)
    __asm___6_port_c_39a90d8d__prvStartFirstTask 0x08000125   Thumb Code    28  port.o(.emb_text)
    PendSV_Handler                           0x08000145   Thumb Code    72  port.o(.emb_text)
    vPortGetIPSR                             0x08000191   Thumb Code     6  port.o(.emb_text)
    Reset_Handler                            0x08000199   Thumb Code     8  startup_stm32f103xb.o(.text)
    ADC1_2_IRQHandler                        0x080001b3   Thumb Code     0  startup_stm32f103xb.o(.text)
    CAN1_RX1_IRQHandler                      0x080001b3   Thumb Code     0  startup_stm32f103xb.o(.text)
    CAN1_SCE_IRQHandler                      0x080001b3   Thumb Code     0  startup_stm32f103xb.o(.text)
    DMA1_Channel1_IRQHandler                 0x080001b3   Thumb Code     0  startup_stm32f103xb.o(.text)
    DMA1_Channel2_IRQHandler                 0x080001b3   Thumb Code     0  startup_stm32f103xb.o(.text)
    DMA1_Channel3_IRQHandler                 0x080001b3   Thumb Code     0  startup_stm32f103xb.o(.text)
    DMA1_Channel4_IRQHandler                 0x080001b3   Thumb Code     0  startup_stm32f103xb.o(.text)
    DMA1_Channel5_IRQHandler                 0x080001b3   Thumb Code     0  startup_stm32f103xb.o(.text)
    DMA1_Channel6_IRQHandler                 0x080001b3   Thumb Code     0  startup_stm32f103xb.o(.text)
    DMA1_Channel7_IRQHandler                 0x080001b3   Thumb Code     0  startup_stm32f103xb.o(.text)
    EXTI0_IRQHandler                         0x080001b3   Thumb Code     0  startup_stm32f103xb.o(.text)
    EXTI15_10_IRQHandler                     0x080001b3   Thumb Code     0  startup_stm32f103xb.o(.text)
    EXTI1_IRQHandler                         0x080001b3   Thumb Code     0  startup_stm32f103xb.o(.text)
    EXTI2_IRQHandler                         0x080001b3   Thumb Code     0  startup_stm32f103xb.o(.text)
    EXTI3_IRQHandler                         0x080001b3   Thumb Code     0  startup_stm32f103xb.o(.text)
    EXTI4_IRQHandler                         0x080001b3   Thumb Code     0  startup_stm32f103xb.o(.text)
    EXTI9_5_IRQHandler                       0x080001b3   Thumb Code     0  startup_stm32f103xb.o(.text)
    FLASH_IRQHandler                         0x080001b3   Thumb Code     0  startup_stm32f103xb.o(.text)
    I2C1_ER_IRQHandler                       0x080001b3   Thumb Code     0  startup_stm32f103xb.o(.text)
    I2C1_EV_IRQHandler                       0x080001b3   Thumb Code     0  startup_stm32f103xb.o(.text)
    I2C2_ER_IRQHandler                       0x080001b3   Thumb Code     0  startup_stm32f103xb.o(.text)
    I2C2_EV_IRQHandler                       0x080001b3   Thumb Code     0  startup_stm32f103xb.o(.text)
    PVD_IRQHandler                           0x080001b3   Thumb Code     0  startup_stm32f103xb.o(.text)
    RCC_IRQHandler                           0x080001b3   Thumb Code     0  startup_stm32f103xb.o(.text)
    RTC_Alarm_IRQHandler                     0x080001b3   Thumb Code     0  startup_stm32f103xb.o(.text)
    RTC_IRQHandler                           0x080001b3   Thumb Code     0  startup_stm32f103xb.o(.text)
    SPI1_IRQHandler                          0x080001b3   Thumb Code     0  startup_stm32f103xb.o(.text)
    SPI2_IRQHandler                          0x080001b3   Thumb Code     0  startup_stm32f103xb.o(.text)
    TAMPER_IRQHandler                        0x080001b3   Thumb Code     0  startup_stm32f103xb.o(.text)
    TIM1_BRK_IRQHandler                      0x080001b3   Thumb Code     0  startup_stm32f103xb.o(.text)
    TIM1_CC_IRQHandler                       0x080001b3   Thumb Code     0  startup_stm32f103xb.o(.text)
    TIM1_TRG_COM_IRQHandler                  0x080001b3   Thumb Code     0  startup_stm32f103xb.o(.text)
    TIM4_IRQHandler                          0x080001b3   Thumb Code     0  startup_stm32f103xb.o(.text)
    USART1_IRQHandler                        0x080001b3   Thumb Code     0  startup_stm32f103xb.o(.text)
    USART2_IRQHandler                        0x080001b3   Thumb Code     0  startup_stm32f103xb.o(.text)
    USART3_IRQHandler                        0x080001b3   Thumb Code     0  startup_stm32f103xb.o(.text)
    USBWakeUp_IRQHandler                     0x080001b3   Thumb Code     0  startup_stm32f103xb.o(.text)
    USB_HP_CAN1_TX_IRQHandler                0x080001b3   Thumb Code     0  startup_stm32f103xb.o(.text)
    USB_LP_CAN1_RX0_IRQHandler               0x080001b3   Thumb Code     0  startup_stm32f103xb.o(.text)
    WWDG_IRQHandler                          0x080001b3   Thumb Code     0  startup_stm32f103xb.o(.text)
    __aeabi_memcpy                           0x080001bd   Thumb Code    36  memcpya.o(.text)
    __aeabi_memcpy4                          0x080001bd   Thumb Code     0  memcpya.o(.text)
    __aeabi_memcpy8                          0x080001bd   Thumb Code     0  memcpya.o(.text)
    __aeabi_memset                           0x080001e1   Thumb Code    14  memseta.o(.text)
    __aeabi_memset4                          0x080001e1   Thumb Code     0  memseta.o(.text)
    __aeabi_memset8                          0x080001e1   Thumb Code     0  memseta.o(.text)
    __aeabi_memclr                           0x080001ef   Thumb Code     4  memseta.o(.text)
    __aeabi_memclr4                          0x080001ef   Thumb Code     0  memseta.o(.text)
    __aeabi_memclr8                          0x080001ef   Thumb Code     0  memseta.o(.text)
    _memset$wrapper                          0x080001f3   Thumb Code    18  memseta.o(.text)
    __scatterload                            0x08000205   Thumb Code    28  init.o(.text)
    __scatterload_rt2                        0x08000205   Thumb Code     0  init.o(.text)
    __decompress                             0x08000229   Thumb Code     0  __dczerorl2.o(.text)
    __decompress1                            0x08000229   Thumb Code    86  __dczerorl2.o(.text)
    BusFault_Handler                         0x0800027f   Thumb Code     2  stm32f1xx_it.o(i.BusFault_Handler)
    DebugMon_Handler                         0x08000281   Thumb Code     2  stm32f1xx_it.o(i.DebugMon_Handler)
    EEPROM24XX_IsConnected                   0x08000285   Thumb Code    24  main.o(i.EEPROM24XX_IsConnected)
    EEPROM24XX_Load                          0x080002a1   Thumb Code    32  main.o(i.EEPROM24XX_Load)
    EEPROM24XX_Save                          0x080002c5   Thumb Code    42  main.o(i.EEPROM24XX_Save)
    HAL_Delay                                0x080002f5   Thumb Code    32  stm32f1xx_hal.o(i.HAL_Delay)
    HAL_GPIO_Init                            0x08000319   Thumb Code   408  stm32f1xx_hal_gpio.o(i.HAL_GPIO_Init)
    HAL_GPIO_ReadPin                         0x080004d5   Thumb Code    10  stm32f1xx_hal_gpio.o(i.HAL_GPIO_ReadPin)
    HAL_GPIO_WritePin                        0x080004df   Thumb Code    10  stm32f1xx_hal_gpio.o(i.HAL_GPIO_WritePin)
    HAL_GetTick                              0x080004e9   Thumb Code     6  stm32f1xx_hal.o(i.HAL_GetTick)
    HAL_I2C1_MspInit                         0x080004f5   Thumb Code   124  main.o(i.HAL_I2C1_MspInit)
    HAL_I2C_Init                             0x08000581   Thumb Code   302  stm32f1xx_hal_i2c.o(i.HAL_I2C_Init)
    HAL_I2C_IsDeviceReady                    0x080006c1   Thumb Code   344  stm32f1xx_hal_i2c.o(i.HAL_I2C_IsDeviceReady)
    HAL_I2C_Mem_Read                         0x08000821   Thumb Code   530  stm32f1xx_hal_i2c.o(i.HAL_I2C_Mem_Read)
    HAL_I2C_Mem_Write                        0x08000a41   Thumb Code   306  stm32f1xx_hal_i2c.o(i.HAL_I2C_Mem_Write)
    HAL_I2C_MspInit                          0x08000b7d   Thumb Code    80  stm32f1xx_hal_msp.o(i.HAL_I2C_MspInit)
    HAL_IncTick                              0x08000bd9   Thumb Code    12  stm32f1xx_hal.o(i.HAL_IncTick)
    HAL_Init                                 0x08000be9   Thumb Code    32  stm32f1xx_hal.o(i.HAL_Init)
    HAL_InitTick                             0x08000c0d   Thumb Code    98  stm32f1xx_hal_timebase_tim.o(i.HAL_InitTick)
    HAL_MspInit                              0x08000c81   Thumb Code    58  stm32f1xx_hal_msp.o(i.HAL_MspInit)
    HAL_NVIC_EnableIRQ                       0x08000cc5   Thumb Code    22  stm32f1xx_hal_cortex.o(i.HAL_NVIC_EnableIRQ)
    HAL_NVIC_SetPriority                     0x08000cdd   Thumb Code    60  stm32f1xx_hal_cortex.o(i.HAL_NVIC_SetPriority)
    HAL_NVIC_SetPriorityGrouping             0x08000d1d   Thumb Code    26  stm32f1xx_hal_cortex.o(i.HAL_NVIC_SetPriorityGrouping)
    HAL_RCC_ClockConfig                      0x08000d41   Thumb Code   346  stm32f1xx_hal_rcc.o(i.HAL_RCC_ClockConfig)
    HAL_RCC_GetClockConfig                   0x08000ead   Thumb Code    54  stm32f1xx_hal_rcc.o(i.HAL_RCC_GetClockConfig)
    HAL_RCC_GetPCLK1Freq                     0x08000eed   Thumb Code    20  stm32f1xx_hal_rcc.o(i.HAL_RCC_GetPCLK1Freq)
    HAL_RCC_GetPCLK2Freq                     0x08000f0d   Thumb Code    20  stm32f1xx_hal_rcc.o(i.HAL_RCC_GetPCLK2Freq)
    HAL_RCC_GetSysClockFreq                  0x08000f2d   Thumb Code    74  stm32f1xx_hal_rcc.o(i.HAL_RCC_GetSysClockFreq)
    HAL_RCC_OscConfig                        0x08000f99   Thumb Code   750  stm32f1xx_hal_rcc.o(i.HAL_RCC_OscConfig)
    HAL_TIMEx_BreakCallback                  0x0800129d   Thumb Code     2  stm32f1xx_hal_tim_ex.o(i.HAL_TIMEx_BreakCallback)
    HAL_TIMEx_CommutationCallback            0x0800129f   Thumb Code     2  stm32f1xx_hal_tim_ex.o(i.HAL_TIMEx_CommutationCallback)
    HAL_TIMEx_MasterConfigSynchronization    0x080012a1   Thumb Code    80  stm32f1xx_hal_tim_ex.o(i.HAL_TIMEx_MasterConfigSynchronization)
    HAL_TIM_Base_Init                        0x080012f1   Thumb Code    54  stm32f1xx_hal_tim.o(i.HAL_TIM_Base_Init)
    HAL_TIM_Base_MspInit                     0x08001329   Thumb Code    86  stm32f1xx_hal_msp.o(i.HAL_TIM_Base_MspInit)
    HAL_TIM_Base_Start_IT                    0x08001389   Thumb Code    24  stm32f1xx_hal_tim.o(i.HAL_TIM_Base_Start_IT)
    HAL_TIM_ConfigClockSource                0x080013a1   Thumb Code   242  stm32f1xx_hal_tim.o(i.HAL_TIM_ConfigClockSource)
    HAL_TIM_IC_CaptureCallback               0x08001493   Thumb Code     2  stm32f1xx_hal_tim.o(i.HAL_TIM_IC_CaptureCallback)
    HAL_TIM_IRQHandler                       0x08001495   Thumb Code   358  stm32f1xx_hal_tim.o(i.HAL_TIM_IRQHandler)
    HAL_TIM_OC_DelayElapsedCallback          0x080015fb   Thumb Code     2  stm32f1xx_hal_tim.o(i.HAL_TIM_OC_DelayElapsedCallback)
    HAL_TIM_PWM_PulseFinishedCallback        0x080015fd   Thumb Code     2  stm32f1xx_hal_tim.o(i.HAL_TIM_PWM_PulseFinishedCallback)
    HAL_TIM_PeriodElapsedCallback            0x08001601   Thumb Code    68  main.o(i.HAL_TIM_PeriodElapsedCallback)
    HAL_TIM_TriggerCallback                  0x08001651   Thumb Code     2  stm32f1xx_hal_tim.o(i.HAL_TIM_TriggerCallback)
    HAL_UART_Init                            0x08001653   Thumb Code    98  stm32f1xx_hal_uart.o(i.HAL_UART_Init)
    HAL_UART_MspInit                         0x080016b5   Thumb Code   100  stm32f1xx_hal_msp.o(i.HAL_UART_MspInit)
    HAL_UART_Transmit                        0x08001725   Thumb Code   186  stm32f1xx_hal_uart.o(i.HAL_UART_Transmit)
    HardFault_Handler                        0x080017df   Thumb Code     2  stm32f1xx_it.o(i.HardFault_Handler)
    MemManage_Handler                        0x08001cc9   Thumb Code     2  stm32f1xx_it.o(i.MemManage_Handler)
    NMI_Handler                              0x08001ccb   Thumb Code     2  stm32f1xx_it.o(i.NMI_Handler)
    PrintNumber                              0x08001ced   Thumb Code    68  main.o(i.PrintNumber)
    ScreenUpdate                             0x08001d35   Thumb Code    98  main.o(i.ScreenUpdate)
    SysTick_Handler                          0x08001da9   Thumb Code    38  port.o(i.SysTick_Handler)
    SystemClock_Config                       0x08001dd5   Thumb Code    76  main.o(i.SystemClock_Config)
    SystemInit                               0x08001e21   Thumb Code    56  system_stm32f1xx.o(i.SystemInit)
    TIM1_UP_IRQHandler                       0x08001e69   Thumb Code     6  stm32f1xx_it.o(i.TIM1_UP_IRQHandler)
    TIM2_IRQHandler                          0x08001e75   Thumb Code     6  stm32f1xx_it.o(i.TIM2_IRQHandler)
    TIM3_IRQHandler                          0x08001e81   Thumb Code     6  stm32f1xx_it.o(i.TIM3_IRQHandler)
    TIM_Base_SetConfig                       0x08001e8d   Thumb Code    94  stm32f1xx_hal_tim.o(i.TIM_Base_SetConfig)
    TM_KEYPAD_INT_CheckRow                   0x08001f65   Thumb Code    44  main.o(i.TM_KEYPAD_INT_CheckRow)
    TM_KEYPAD_INT_Read                       0x08001f99   Thumb Code   116  main.o(i.TM_KEYPAD_INT_Read)
    TM_KEYPAD_INT_SetColumn                  0x0800200d   Thumb Code   180  main.o(i.TM_KEYPAD_INT_SetColumn)
    UsageFault_Handler                       0x08002299   Thumb Code     2  stm32f1xx_it.o(i.UsageFault_Handler)
    __0printf$bare                           0x0800229d   Thumb Code     8  printfb.o(i.__0printf$bare)
    __1printf$bare                           0x0800229d   Thumb Code     0  printfb.o(i.__0printf$bare)
    __2printf                                0x0800229d   Thumb Code     0  printfb.o(i.__0printf$bare)
    __scatterload_copy                       0x080022ad   Thumb Code    14  handlers.o(i.__scatterload_copy)
    __scatterload_null                       0x080022bb   Thumb Code     2  handlers.o(i.__scatterload_null)
    __scatterload_zeroinit                   0x080022bd   Thumb Code    14  handlers.o(i.__scatterload_zeroinit)
    fputc                                    0x080022ed   Thumb Code    18  main.o(i.fputc)
    main                                     0x08002305   Thumb Code   488  main.o(i.main)
    osDelay                                  0x08002511   Thumb Code    14  cmsis_os.o(i.osDelay)
    osKernelStart                            0x0800251f   Thumb Code    10  cmsis_os.o(i.osKernelStart)
    osThreadCreate                           0x08002529   Thumb Code    46  cmsis_os.o(i.osThreadCreate)
    pvPortMalloc                             0x08002895   Thumb Code   210  heap_4.o(i.pvPortMalloc)
    pxPortInitialiseStack                    0x0800296d   Thumb Code    32  port.o(i.pxPortInitialiseStack)
    start_main_isr                           0x08002991   Thumb Code    46  main.o(i.start_main_isr)
    start_reserve_isr                        0x08002a49   Thumb Code   626  main.o(i.start_reserve_isr)
    start_setup_isr                          0x08002cc9   Thumb Code  2462  main.o(i.start_setup_isr)
    update_data                              0x08003669   Thumb Code   304  main.o(i.update_data)
    uxListRemove                             0x0800379d   Thumb Code    36  list.o(i.uxListRemove)
    vListInitialise                          0x080037c1   Thumb Code    22  list.o(i.vListInitialise)
    vListInitialiseItem                      0x080037d7   Thumb Code     6  list.o(i.vListInitialiseItem)
    vListInsert                              0x080037dd   Thumb Code    48  list.o(i.vListInsert)
    vListInsertEnd                           0x0800380d   Thumb Code    24  list.o(i.vListInsertEnd)
    vPortEnterCritical                       0x08003825   Thumb Code    54  port.o(i.vPortEnterCritical)
    vPortExitCritical                        0x08003865   Thumb Code    34  port.o(i.vPortExitCritical)
    vPortFree                                0x0800388d   Thumb Code    88  heap_4.o(i.vPortFree)
    vPortSetupTimerInterrupt                 0x080038e9   Thumb Code    26  port.o(i.vPortSetupTimerInterrupt)
    vTaskDelay                               0x08003909   Thumb Code    66  tasks.o(i.vTaskDelay)
    vTaskStartScheduler                      0x08003955   Thumb Code    86  tasks.o(i.vTaskStartScheduler)
    vTaskSuspendAll                          0x080039bd   Thumb Code    10  tasks.o(i.vTaskSuspendAll)
    vTaskSwitchContext                       0x080039cd   Thumb Code    82  tasks.o(i.vTaskSwitchContext)
    xPortStartScheduler                      0x08003a29   Thumb Code   102  port.o(i.xPortStartScheduler)
    xTaskCreate                              0x08003a9d   Thumb Code    86  tasks.o(i.xTaskCreate)
    xTaskIncrementTick                       0x08003af5   Thumb Code   192  tasks.o(i.xTaskIncrementTick)
    xTaskResumeAll                           0x08003bbd   Thumb Code   182  tasks.o(i.xTaskResumeAll)
    font                                     0x08003c80   Data          96  main.o(.constdata)
    AHBPrescTable                            0x08003d1c   Data          16  system_stm32f1xx.o(.constdata)
    APBPrescTable                            0x08003d2c   Data           8  system_stm32f1xx.o(.constdata)
    Region$$Table$$Base                      0x08003d58   Number         0  anon$$obj.o(Region$$Table)
    Region$$Table$$Limit                     0x08003d78   Number         0  anon$$obj.o(Region$$Table)
    digit                                    0x20000001   Data           1  main.o(.data)
    key_pad                                  0x20000002   Data           1  main.o(.data)
    dot_en                                   0x20000003   Data           1  main.o(.data)
    count_num                                0x20000004   Data           1  main.o(.data)
    en_nito                                  0x20000005   Data           1  main.o(.data)
    kiemtra_ctht                             0x20000006   Data           1  main.o(.data)
    count_en                                 0x20000007   Data           1  main.o(.data)
    program_number                           0x20000008   Data           1  main.o(.data)
    program_en                               0x20000009   Data           1  main.o(.data)
    mode_hut                                 0x2000000a   Data           1  main.o(.data)
    mode_nito                                0x2000000b   Data           1  main.o(.data)
    mode_han                                 0x2000000c   Data           1  main.o(.data)
    mode_lammat                              0x2000000d   Data           1  main.o(.data)
    mode_xa                                  0x2000000e   Data           1  main.o(.data)
    data_number                              0x20000010   Data           2  main.o(.data)
    timer_counter                            0x20000012   Data           2  main.o(.data)
    tg_hut                                   0x20000014   Data           2  main.o(.data)
    tg_nito                                  0x20000016   Data           2  main.o(.data)
    tg_han                                   0x20000018   Data           2  main.o(.data)
    tg_lammat                                0x2000001a   Data           2  main.o(.data)
    tg_xa                                    0x2000001c   Data           2  main.o(.data)
    data_count                               0x20000020   Data           3  main.o(.data)
    main_isrHandle                           0x20000024   Data           4  main.o(.data)
    setup_isrHandle                          0x20000028   Data           4  main.o(.data)
    reserve_isrHandle                        0x2000002c   Data           4  main.o(.data)
    buffer                                   0x20000030   Data           8  main.o(.data)
    KEYPAD_INT_Buttons                       0x20000038   Data          16  main.o(.data)
    data_load                                0x20000048   Data          15  main.o(.data)
    data_store_1                             0x20000057   Data          15  main.o(.data)
    data_store_2                             0x20000066   Data          15  main.o(.data)
    data_store_3                             0x20000075   Data          15  main.o(.data)
    data_store_4                             0x20000084   Data          15  main.o(.data)
    data_store_5                             0x20000093   Data          15  main.o(.data)
    data_store_6                             0x200000a2   Data          15  main.o(.data)
    data_store_7                             0x200000b1   Data          15  main.o(.data)
    data_store_8                             0x200000c0   Data          15  main.o(.data)
    data_store_9                             0x200000cf   Data          15  main.o(.data)
    data_store_10                            0x200000de   Data          15  main.o(.data)
    uwTickFreq                               0x200000f0   Data           1  stm32f1xx_hal.o(.data)
    uwTickPrio                               0x200000f4   Data           4  stm32f1xx_hal.o(.data)
    uwTick                                   0x200000f8   Data           4  stm32f1xx_hal.o(.data)
    SystemCoreClock                          0x200000fc   Data           4  system_stm32f1xx.o(.data)
    pxCurrentTCB                             0x20000100   Data           4  tasks.o(.data)
    __stdout                                 0x20000160   Data           4  stdout.o(.data)
    hi2c1                                    0x20000164   Data          84  main.o(.bss)
    htim2                                    0x200001b8   Data          64  main.o(.bss)
    htim3                                    0x200001f8   Data          64  main.o(.bss)
    huart1                                   0x20000238   Data          64  main.o(.bss)
    htim1                                    0x20000278   Data          64  stm32f1xx_hal_timebase_tim.o(.bss)
    __initial_sp                             0x200013a8   Data           0  startup_stm32f103xb.o(STACK)



==============================================================================

Memory Map of the image

  Image Entry point : 0x080000ed

  Load Region LR_IROM1 (Base: 0x08000000, Size: 0x00003edc, Max: 0x00040000, ABSOLUTE, COMPRESSED[0x00003db0])

    Execution Region ER_IROM1 (Exec base: 0x08000000, Load base: 0x08000000, Size: 0x00003d78, Max: 0x00040000, ABSOLUTE)

    Exec Addr    Load Addr    Size         Type   Attr      Idx    E Section Name        Object

    0x08000000   0x08000000   0x000000ec   Data   RO            3    RESET               startup_stm32f103xb.o
    0x080000ec   0x080000ec   0x00000000   Code   RO         4132  * .ARM.Collect$$$$00000000  mc_w.l(entry.o)
    0x080000ec   0x080000ec   0x00000004   Code   RO         4403    .ARM.Collect$$$$00000001  mc_w.l(entry2.o)
    0x080000f0   0x080000f0   0x00000004   Code   RO         4406    .ARM.Collect$$$$00000004  mc_w.l(entry5.o)
    0x080000f4   0x080000f4   0x00000000   Code   RO         4408    .ARM.Collect$$$$00000008  mc_w.l(entry7b.o)
    0x080000f4   0x080000f4   0x00000000   Code   RO         4410    .ARM.Collect$$$$0000000A  mc_w.l(entry8b.o)
    0x080000f4   0x080000f4   0x00000008   Code   RO         4411    .ARM.Collect$$$$0000000B  mc_w.l(entry9a.o)
    0x080000fc   0x080000fc   0x00000000   Code   RO         4413    .ARM.Collect$$$$0000000D  mc_w.l(entry10a.o)
    0x080000fc   0x080000fc   0x00000000   Code   RO         4415    .ARM.Collect$$$$0000000F  mc_w.l(entry11a.o)
    0x080000fc   0x080000fc   0x00000004   Code   RO         4404    .ARM.Collect$$$$00002712  mc_w.l(entry2.o)
    0x08000100   0x08000100   0x00000096   Code   RO         4055    .emb_text           port.o
    0x08000196   0x08000196   0x00000002   PAD
    0x08000198   0x08000198   0x00000024   Code   RO            4    .text               startup_stm32f103xb.o
    0x080001bc   0x080001bc   0x00000024   Code   RO         4137    .text               mc_w.l(memcpya.o)
    0x080001e0   0x080001e0   0x00000024   Code   RO         4139    .text               mc_w.l(memseta.o)
    0x08000204   0x08000204   0x00000024   Code   RO         4433    .text               mc_w.l(init.o)
    0x08000228   0x08000228   0x00000056   Code   RO         4449    .text               mc_w.l(__dczerorl2.o)
    0x0800027e   0x0800027e   0x00000002   Code   RO          332    i.BusFault_Handler  stm32f1xx_it.o
    0x08000280   0x08000280   0x00000002   Code   RO          333    i.DebugMon_Handler  stm32f1xx_it.o
    0x08000282   0x08000282   0x00000002   PAD
    0x08000284   0x08000284   0x0000001c   Code   RO           13    i.EEPROM24XX_IsConnected  main.o
    0x080002a0   0x080002a0   0x00000024   Code   RO           14    i.EEPROM24XX_Load   main.o
    0x080002c4   0x080002c4   0x00000030   Code   RO           15    i.EEPROM24XX_Save   main.o
    0x080002f4   0x080002f4   0x00000024   Code   RO         1740    i.HAL_Delay         stm32f1xx_hal.o
    0x08000318   0x08000318   0x000001bc   Code   RO         2036    i.HAL_GPIO_Init     stm32f1xx_hal_gpio.o
    0x080004d4   0x080004d4   0x0000000a   Code   RO         2038    i.HAL_GPIO_ReadPin  stm32f1xx_hal_gpio.o
    0x080004de   0x080004de   0x0000000a   Code   RO         2040    i.HAL_GPIO_WritePin  stm32f1xx_hal_gpio.o
    0x080004e8   0x080004e8   0x0000000c   Code   RO         1744    i.HAL_GetTick       stm32f1xx_hal.o
    0x080004f4   0x080004f4   0x0000008c   Code   RO           17    i.HAL_I2C1_MspInit  main.o
    0x08000580   0x08000580   0x00000140   Code   RO         2635    i.HAL_I2C_Init      stm32f1xx_hal_i2c.o
    0x080006c0   0x080006c0   0x00000160   Code   RO         2636    i.HAL_I2C_IsDeviceReady  stm32f1xx_hal_i2c.o
    0x08000820   0x08000820   0x00000220   Code   RO         2651    i.HAL_I2C_Mem_Read  stm32f1xx_hal_i2c.o
    0x08000a40   0x08000a40   0x0000013c   Code   RO         2654    i.HAL_I2C_Mem_Write  stm32f1xx_hal_i2c.o
    0x08000b7c   0x08000b7c   0x0000005c   Code   RO          409    i.HAL_I2C_MspInit   stm32f1xx_hal_msp.o
    0x08000bd8   0x08000bd8   0x00000010   Code   RO         1748    i.HAL_IncTick       stm32f1xx_hal.o
    0x08000be8   0x08000be8   0x00000024   Code   RO         1749    i.HAL_Init          stm32f1xx_hal.o
    0x08000c0c   0x08000c0c   0x00000074   Code   RO          468    i.HAL_InitTick      stm32f1xx_hal_timebase_tim.o
    0x08000c80   0x08000c80   0x00000044   Code   RO          410    i.HAL_MspInit       stm32f1xx_hal_msp.o
    0x08000cc4   0x08000cc4   0x00000016   Code   RO         2196    i.HAL_NVIC_EnableIRQ  stm32f1xx_hal_cortex.o
    0x08000cda   0x08000cda   0x00000002   PAD
    0x08000cdc   0x08000cdc   0x00000040   Code   RO         2202    i.HAL_NVIC_SetPriority  stm32f1xx_hal_cortex.o
    0x08000d1c   0x08000d1c   0x00000024   Code   RO         2203    i.HAL_NVIC_SetPriorityGrouping  stm32f1xx_hal_cortex.o
    0x08000d40   0x08000d40   0x0000016c   Code   RO         1896    i.HAL_RCC_ClockConfig  stm32f1xx_hal_rcc.o
    0x08000eac   0x08000eac   0x00000040   Code   RO         1900    i.HAL_RCC_GetClockConfig  stm32f1xx_hal_rcc.o
    0x08000eec   0x08000eec   0x00000020   Code   RO         1903    i.HAL_RCC_GetPCLK1Freq  stm32f1xx_hal_rcc.o
    0x08000f0c   0x08000f0c   0x00000020   Code   RO         1904    i.HAL_RCC_GetPCLK2Freq  stm32f1xx_hal_rcc.o
    0x08000f2c   0x08000f2c   0x0000006c   Code   RO         1905    i.HAL_RCC_GetSysClockFreq  stm32f1xx_hal_rcc.o
    0x08000f98   0x08000f98   0x00000304   Code   RO         1908    i.HAL_RCC_OscConfig  stm32f1xx_hal_rcc.o
    0x0800129c   0x0800129c   0x00000002   Code   RO         1174    i.HAL_TIMEx_BreakCallback  stm32f1xx_hal_tim_ex.o
    0x0800129e   0x0800129e   0x00000002   Code   RO         1175    i.HAL_TIMEx_CommutationCallback  stm32f1xx_hal_tim_ex.o
    0x080012a0   0x080012a0   0x00000050   Code   RO         1191    i.HAL_TIMEx_MasterConfigSynchronization  stm32f1xx_hal_tim_ex.o
    0x080012f0   0x080012f0   0x00000036   Code   RO          545    i.HAL_TIM_Base_Init  stm32f1xx_hal_tim.o
    0x08001326   0x08001326   0x00000002   PAD
    0x08001328   0x08001328   0x00000060   Code   RO          412    i.HAL_TIM_Base_MspInit  stm32f1xx_hal_msp.o
    0x08001388   0x08001388   0x00000018   Code   RO          550    i.HAL_TIM_Base_Start_IT  stm32f1xx_hal_tim.o
    0x080013a0   0x080013a0   0x000000f2   Code   RO          554    i.HAL_TIM_ConfigClockSource  stm32f1xx_hal_tim.o
    0x08001492   0x08001492   0x00000002   Code   RO          574    i.HAL_TIM_IC_CaptureCallback  stm32f1xx_hal_tim.o
    0x08001494   0x08001494   0x00000166   Code   RO          587    i.HAL_TIM_IRQHandler  stm32f1xx_hal_tim.o
    0x080015fa   0x080015fa   0x00000002   Code   RO          590    i.HAL_TIM_OC_DelayElapsedCallback  stm32f1xx_hal_tim.o
    0x080015fc   0x080015fc   0x00000002   Code   RO          617    i.HAL_TIM_PWM_PulseFinishedCallback  stm32f1xx_hal_tim.o
    0x080015fe   0x080015fe   0x00000002   PAD
    0x08001600   0x08001600   0x00000050   Code   RO           18    i.HAL_TIM_PeriodElapsedCallback  main.o
    0x08001650   0x08001650   0x00000002   Code   RO          628    i.HAL_TIM_TriggerCallback  stm32f1xx_hal_tim.o
    0x08001652   0x08001652   0x00000062   Code   RO         1432    i.HAL_UART_Init     stm32f1xx_hal_uart.o
    0x080016b4   0x080016b4   0x00000070   Code   RO          414    i.HAL_UART_MspInit  stm32f1xx_hal_msp.o
    0x08001724   0x08001724   0x000000ba   Code   RO         1440    i.HAL_UART_Transmit  stm32f1xx_hal_uart.o
    0x080017de   0x080017de   0x00000002   Code   RO          334    i.HardFault_Handler  stm32f1xx_it.o
    0x080017e0   0x080017e0   0x00000028   Code   RO         2673    i.I2C_IsAcknowledgeFailed  stm32f1xx_hal_i2c.o
    0x08001808   0x08001808   0x000000f0   Code   RO         2682    i.I2C_RequestMemoryRead  stm32f1xx_hal_i2c.o
    0x080018f8   0x080018f8   0x000000a0   Code   RO         2683    i.I2C_RequestMemoryWrite  stm32f1xx_hal_i2c.o
    0x08001998   0x08001998   0x0000004e   Code   RO         2686    i.I2C_WaitOnBTFFlagUntilTimeout  stm32f1xx_hal_i2c.o
    0x080019e6   0x080019e6   0x00000060   Code   RO         2687    i.I2C_WaitOnFlagUntilTimeout  stm32f1xx_hal_i2c.o
    0x08001a46   0x08001a46   0x00000002   PAD
    0x08001a48   0x08001a48   0x00000088   Code   RO         2688    i.I2C_WaitOnMasterAddressFlagUntilTimeout  stm32f1xx_hal_i2c.o
    0x08001ad0   0x08001ad0   0x00000062   Code   RO         2689    i.I2C_WaitOnRXNEFlagUntilTimeout  stm32f1xx_hal_i2c.o
    0x08001b32   0x08001b32   0x0000004e   Code   RO         2690    i.I2C_WaitOnTXEFlagUntilTimeout  stm32f1xx_hal_i2c.o
    0x08001b80   0x08001b80   0x000000a4   Code   RO           19    i.MX_GPIO_Init      main.o
    0x08001c24   0x08001c24   0x00000050   Code   RO           20    i.MX_TIM2_Init      main.o
    0x08001c74   0x08001c74   0x00000054   Code   RO           21    i.MX_TIM3_Init      main.o
    0x08001cc8   0x08001cc8   0x00000002   Code   RO          335    i.MemManage_Handler  stm32f1xx_it.o
    0x08001cca   0x08001cca   0x00000002   Code   RO          336    i.NMI_Handler       stm32f1xx_it.o
    0x08001ccc   0x08001ccc   0x00000020   Code   RO         2209    i.NVIC_SetPriority  stm32f1xx_hal_cortex.o
    0x08001cec   0x08001cec   0x00000048   Code   RO           22    i.PrintNumber       main.o
    0x08001d34   0x08001d34   0x00000074   Code   RO           23    i.ScreenUpdate      main.o
    0x08001da8   0x08001da8   0x0000002c   Code   RO         4056    i.SysTick_Handler   port.o
    0x08001dd4   0x08001dd4   0x0000004c   Code   RO           24    i.SystemClock_Config  main.o
    0x08001e20   0x08001e20   0x00000048   Code   RO         3023    i.SystemInit        system_stm32f1xx.o
    0x08001e68   0x08001e68   0x0000000c   Code   RO          337    i.TIM1_UP_IRQHandler  stm32f1xx_it.o
    0x08001e74   0x08001e74   0x0000000c   Code   RO          338    i.TIM2_IRQHandler   stm32f1xx_it.o
    0x08001e80   0x08001e80   0x0000000c   Code   RO          339    i.TIM3_IRQHandler   stm32f1xx_it.o
    0x08001e8c   0x08001e8c   0x0000006c   Code   RO          629    i.TIM_Base_SetConfig  stm32f1xx_hal_tim.o
    0x08001ef8   0x08001ef8   0x00000014   Code   RO          636    i.TIM_ETR_SetConfig  stm32f1xx_hal_tim.o
    0x08001f0c   0x08001f0c   0x00000010   Code   RO          637    i.TIM_ITRx_SetConfig  stm32f1xx_hal_tim.o
    0x08001f1c   0x08001f1c   0x00000022   Code   RO          643    i.TIM_TI1_ConfigInputStage  stm32f1xx_hal_tim.o
    0x08001f3e   0x08001f3e   0x00000024   Code   RO          645    i.TIM_TI2_ConfigInputStage  stm32f1xx_hal_tim.o
    0x08001f62   0x08001f62   0x00000002   PAD
    0x08001f64   0x08001f64   0x00000034   Code   RO           25    i.TM_KEYPAD_INT_CheckRow  main.o
    0x08001f98   0x08001f98   0x00000074   Code   RO           26    i.TM_KEYPAD_INT_Read  main.o
    0x0800200c   0x0800200c   0x000000b8   Code   RO           27    i.TM_KEYPAD_INT_SetColumn  main.o
    0x080020c4   0x080020c4   0x00000170   Code   RO         1458    i.UART_SetConfig    stm32f1xx_hal_uart.o
    0x08002234   0x08002234   0x00000064   Code   RO         1460    i.UART_WaitOnFlagUntilTimeout  stm32f1xx_hal_uart.o
    0x08002298   0x08002298   0x00000002   Code   RO          340    i.UsageFault_Handler  stm32f1xx_it.o
    0x0800229a   0x0800229a   0x00000002   PAD
    0x0800229c   0x0800229c   0x00000010   Code   RO         4144    i.__0printf$bare    mc_w.l(printfb.o)
    0x080022ac   0x080022ac   0x0000000e   Code   RO         4443    i.__scatterload_copy  mc_w.l(handlers.o)
    0x080022ba   0x080022ba   0x00000002   Code   RO         4444    i.__scatterload_null  mc_w.l(handlers.o)
    0x080022bc   0x080022bc   0x0000000e   Code   RO         4445    i.__scatterload_zeroinit  mc_w.l(handlers.o)
    0x080022ca   0x080022ca   0x00000022   Code   RO         4151    i._printf_core      mc_w.l(printfb.o)
    0x080022ec   0x080022ec   0x00000018   Code   RO           29    i.fputc             main.o
    0x08002304   0x08002304   0x00000200   Code   RO           30    i.main              main.o
    0x08002504   0x08002504   0x0000000c   Code   RO         3621    i.makeFreeRtosPriority  cmsis_os.o
    0x08002510   0x08002510   0x0000000e   Code   RO         3623    i.osDelay           cmsis_os.o
    0x0800251e   0x0800251e   0x0000000a   Code   RO         3626    i.osKernelStart     cmsis_os.o
    0x08002528   0x08002528   0x0000002e   Code   RO         3660    i.osThreadCreate    cmsis_os.o
    0x08002556   0x08002556   0x00000002   PAD
    0x08002558   0x08002558   0x00000070   Code   RO         3332    i.prvAddCurrentTaskToDelayedList  tasks.o
    0x080025c8   0x080025c8   0x000000d0   Code   RO         3333    i.prvAddNewTaskToReadyList  tasks.o
    0x08002698   0x08002698   0x00000050   Code   RO         3334    i.prvCheckTasksWaitingTermination  tasks.o
    0x080026e8   0x080026e8   0x00000014   Code   RO         3335    i.prvDeleteTCB      tasks.o
    0x080026fc   0x080026fc   0x0000004c   Code   RO         3994    i.prvHeapInit       heap_4.o
    0x08002748   0x08002748   0x00000028   Code   RO         3336    i.prvIdleTask       tasks.o
    0x08002770   0x08002770   0x0000008e   Code   RO         3337    i.prvInitialiseNewTask  tasks.o
    0x080027fe   0x080027fe   0x00000002   PAD
    0x08002800   0x08002800   0x0000004c   Code   RO         3995    i.prvInsertBlockIntoFreeList  heap_4.o
    0x0800284c   0x0800284c   0x00000020   Code   RO         3338    i.prvResetNextTaskUnblockTime  tasks.o
    0x0800286c   0x0800286c   0x00000028   Code   RO         4057    i.prvTaskExitError  port.o
    0x08002894   0x08002894   0x000000d8   Code   RO         3996    i.pvPortMalloc      heap_4.o
    0x0800296c   0x0800296c   0x00000024   Code   RO         4058    i.pxPortInitialiseStack  port.o
    0x08002990   0x08002990   0x000000b8   Code   RO           31    i.start_main_isr    main.o
    0x08002a48   0x08002a48   0x00000280   Code   RO           32    i.start_reserve_isr  main.o
    0x08002cc8   0x08002cc8   0x0000099e   Code   RO           33    i.start_setup_isr   main.o
    0x08003666   0x08003666   0x00000002   PAD
    0x08003668   0x08003668   0x00000134   Code   RO           34    i.update_data       main.o
    0x0800379c   0x0800379c   0x00000024   Code   RO         3155    i.uxListRemove      list.o
    0x080037c0   0x080037c0   0x00000016   Code   RO         3156    i.vListInitialise   list.o
    0x080037d6   0x080037d6   0x00000006   Code   RO         3157    i.vListInitialiseItem  list.o
    0x080037dc   0x080037dc   0x00000030   Code   RO         3158    i.vListInsert       list.o
    0x0800380c   0x0800380c   0x00000018   Code   RO         3159    i.vListInsertEnd    list.o
    0x08003824   0x08003824   0x00000040   Code   RO         4060    i.vPortEnterCritical  port.o
    0x08003864   0x08003864   0x00000028   Code   RO         4061    i.vPortExitCritical  port.o
    0x0800388c   0x0800388c   0x0000005c   Code   RO         3997    i.vPortFree         heap_4.o
    0x080038e8   0x080038e8   0x00000020   Code   RO         4062    i.vPortSetupTimerInterrupt  port.o
    0x08003908   0x08003908   0x0000004c   Code   RO         3346    i.vTaskDelay        tasks.o
    0x08003954   0x08003954   0x00000068   Code   RO         3357    i.vTaskStartScheduler  tasks.o
    0x080039bc   0x080039bc   0x00000010   Code   RO         3359    i.vTaskSuspendAll   tasks.o
    0x080039cc   0x080039cc   0x0000005c   Code   RO         3360    i.vTaskSwitchContext  tasks.o
    0x08003a28   0x08003a28   0x00000074   Code   RO         4064    i.xPortStartScheduler  port.o
    0x08003a9c   0x08003a9c   0x00000056   Code   RO         3362    i.xTaskCreate       tasks.o
    0x08003af2   0x08003af2   0x00000002   PAD
    0x08003af4   0x08003af4   0x000000c8   Code   RO         3369    i.xTaskIncrementTick  tasks.o
    0x08003bbc   0x08003bbc   0x000000c4   Code   RO         3375    i.xTaskResumeAll    tasks.o
    0x08003c80   0x08003c80   0x0000009c   Data   RO           36    .constdata          main.o
    0x08003d1c   0x08003d1c   0x00000010   Data   RO         3024    .constdata          system_stm32f1xx.o
    0x08003d2c   0x08003d2c   0x00000008   Data   RO         3025    .constdata          system_stm32f1xx.o
    0x08003d34   0x08003d34   0x00000022   Data   RO           37    .conststring        main.o
    0x08003d56   0x08003d56   0x00000002   PAD
    0x08003d58   0x08003d58   0x00000020   Data   RO         4441    Region$$Table       anon$$obj.o


    Execution Region RW_IRAM1 (Exec base: 0x20000000, Load base: 0x08003d78, Size: 0x000013a8, Max: 0x0000c000, ABSOLUTE, COMPRESSED[0x00000038])

    Exec Addr    Load Addr    Size         Type   Attr      Idx    E Section Name        Object

    0x20000000   COMPRESSED   0x000000ed   Data   RW           38    .data               main.o
    0x200000ed   COMPRESSED   0x00000003   PAD
    0x200000f0   COMPRESSED   0x0000000c   Data   RW         1756    .data               stm32f1xx_hal.o
    0x200000fc   COMPRESSED   0x00000004   Data   RW         3026    .data               system_stm32f1xx.o
    0x20000100   COMPRESSED   0x0000003c   Data   RW         3378    .data               tasks.o
    0x2000013c   COMPRESSED   0x00000018   Data   RW         4002    .data               heap_4.o
    0x20000154   COMPRESSED   0x0000000c   Data   RW         4065    .data               port.o
    0x20000160   COMPRESSED   0x00000004   Data   RW         4417    .data               mc_w.l(stdout.o)
    0x20000164        -       0x00000114   Zero   RW           35    .bss                main.o
    0x20000278        -       0x00000040   Zero   RW          471    .bss                stm32f1xx_hal_timebase_tim.o
    0x200002b8        -       0x000000f0   Zero   RW         3377    .bss                tasks.o
    0x200003a8        -       0x00000c00   Zero   RW         4001    .bss                heap_4.o
    0x20000fa8        -       0x00000400   Zero   RW            1    STACK               startup_stm32f103xb.o


==============================================================================

Image component sizes


      Code (inc. data)   RO Data    RW Data    ZI Data      Debug   Object Name

        82          0          0          0          0      13145   cmsis_os.o
         0          0          0          0          0       9764   event_groups.o
       460         24          0         24       3072       7703   heap_4.o
       136          0          0          0          0       3782   list.o
      5406        300        190        237        276     482940   main.o
       522         62          0         12          0      10908   port.o
        36          8        236          0       1024        856   startup_stm32f103xb.o
       100         18          0         12          0       5694   stm32f1xx_hal.o
       154         14          0          0          0      25326   stm32f1xx_hal_cortex.o
       464         36          0          0          0       3767   stm32f1xx_hal_gpio.o
      2458         54          0          0          0      14838   stm32f1xx_hal_i2c.o
       368         44          0          0          0       3174   stm32f1xx_hal_msp.o
      1372        108          0          0          0       6301   stm32f1xx_hal_rcc.o
       900         14          0          0          0      10335   stm32f1xx_hal_tim.o
        84          0          0          0          0       2590   stm32f1xx_hal_tim_ex.o
       116         18          0          0         64       1591   stm32f1xx_hal_timebase_tim.o
       752          4          0          0          0       4244   stm32f1xx_hal_uart.o
        48         18          0          0          0       4386   stm32f1xx_it.o
        72         16         24          4          0       1355   system_stm32f1xx.o
      1404        116          0         60        240      16014   tasks.o

    ----------------------------------------------------------------------
     14958        854        484        352       4676     628713   Object Totals
         0          0         32          0          0          0   (incl. Generated)
        24          0          2          3          0          0   (incl. Padding)

    ----------------------------------------------------------------------

      Code (inc. data)   RO Data    RW Data    ZI Data      Debug   Library Member Name

        86          0          0          0          0          0   __dczerorl2.o
         0          0          0          0          0          0   entry.o
         0          0          0          0          0          0   entry10a.o
         0          0          0          0          0          0   entry11a.o
         8          4          0          0          0          0   entry2.o
         4          0          0          0          0          0   entry5.o
         0          0          0          0          0          0   entry7b.o
         0          0          0          0          0          0   entry8b.o
         8          4          0          0          0          0   entry9a.o
        30          0          0          0          0          0   handlers.o
        36          8          0          0          0         68   init.o
        36          0          0          0          0         68   memcpya.o
        36          0          0          0          0        108   memseta.o
        50          8          0          0          0        152   printfb.o
         0          0          0          4          0          0   stdout.o

    ----------------------------------------------------------------------
       294         24          0          4          0        396   Library Totals
         0          0          0          0          0          0   (incl. Padding)

    ----------------------------------------------------------------------

      Code (inc. data)   RO Data    RW Data    ZI Data      Debug   Library Name

       294         24          0          4          0        396   mc_w.l

    ----------------------------------------------------------------------
       294         24          0          4          0        396   Library Totals

    ----------------------------------------------------------------------

==============================================================================


      Code (inc. data)   RO Data    RW Data    ZI Data      Debug   

     15252        878        484        356       4676     623205   Grand Totals
     15252        878        484         56       4676     623205   ELF Image Totals (compressed)
     15252        878        484         56          0          0   ROM Totals

==============================================================================

    Total RO  Size (Code + RO Data)                15736 (  15.37kB)
    Total RW  Size (RW Data + ZI Data)              5032 (   4.91kB)
    Total ROM Size (Code + RO Data + RW Data)      15792 (  15.42kB)

==============================================================================

